................................................................................................................................................................
................................................................................................................................................................
................................................................................................................................................................
................................................................................................................................................................
................................................................................................................................................................
................................................................................................................................................................
................................................................................................................................................................
................................................................................................................................................................
................................................................................................................................................................
................................................................................................................................................................
................................................................................................................................................................
................................................................................................................................................................
................................................................................................................................................................
................................................................................................................................................................
................................................................GGG.............................................................................................
.............................................................GGGDDDGGG..........................................................................................
..........................................................GGGDDDDDDDDDGG........................................................................................
........................................................GGDDDDDDDDDDDDDDGG.G....................................................................................
.......................................................GDDDDDDDDDDDDDDDDDDGDGG..................................................................................
.....................................................GGDDDDDDDDDDDDDDDDDDDDDDDGGG...............................................................................
.....................................................DDDDDDDDDDDDDDDDDDDDDDDDDDDDGGGGG..........................................................................
....................................................GDDDDDDDDDDDDDDDDDDDDDDDDDDDDDDDDDG..................................................GGGGG..................
..................................................GGDDDDDDDDDDDDDDDDDDDDDDDDDDD...DDDDDGGGGGGGGGG.....................................GGGDDDDDGGG...............
................................................GGDDDDDDDDDDDDDDSSSDDDDDDDDDDD.....DDDDDDDDDDDDDDGG...............................G.GGDDDDDDDDDDDGGGGGGGG.......
..............................................GGDDDDDDDDDDDDDSSSSSSSSSDDDDDDDD.....DDDDDDDDDDDDDDDDGGG..........................GGDGDDDDDDDDDDDDDDDDDDDDDG......
..........................................GGGGDDDDDDDDGGGGGGGGGGGGGGGSSSDDDDDD.....DDDDDDDDDDDDDDDDDDDGGG......................GDDDDDDDDGGGGGGGGGGGGGGGDDD......
..........................................DDDDDDGGGGGGDDSSSSSSSSSSSSSGGGGGGSD......DDDDDDDDDDDDDDDDDDDDDDGG...................GDDDGGGGGGDDDDDDDDDDDDDDDGDD......
..................................GGGGGGGGDDGGGGDDDDDDDSSSSSSSSSSSSSSSSSSSSGG......DDDDDDDDDDDDDDDDDDDDDDDDG................GGGGGGDDDDDDDDDDDDDDDDDDDDDDDD......
....................K..GGGGGG.....DDDDDGGGGGDDDDDDDDDSSSSSSSSSSSSSSSSSSSSSSSS......GDDDDDDDDDDDDDDDDDDDDDDDDG............GGGGDDDDDDDDDDDDDDDDDDDDDDDDDDDDD......
............KKKKKKKKKKKKKKKKK......GGGGDDDDDDDDDDDDDDSSSSSSSSSSSSSSSSSSSSSSSS......SGGGGGDDDDDDDDDDDDDDDDDDDDGGGG...GGGGGGDDDDDDD...DDDDDDDDDDDDDDDDDDDDDD......
.........GGGGKKKKKKKKKKKKKKKK......DDDDDDDDDDDDDDDDDSSSSSSSSSSSSSSSSSSSSSSSSS......SSSSDDGGGGGGDDDDDDDDDDDDDDDGGGGGGGDDGDDDDDDDD.....DDDDSSSSSDDDDDDDDDDDD......
......GKKKKKKGGGGGGGGGGGGGGGGK......DDDDDDDDDDDDDDSSSSSSSSSSSSSSSSSSSSSSSSSSS......SSSSSSSSSSSSGGGGGGGGGGGGGGGDDDDDDDDDDDDDDDD.......DSSSSSSSKSSSDDDDDDDDD......
......KKKKKKKKKKKKKKKKKKKKKKKK......DDDDDDDDDDDDSSSSSSSSSSSSSSSSSSSSSSSSSSSSS.....SSSSSSSSSSSSSSSSSDDDDDDDDDDDDDDDDDDDDDDDDDD........SKKKKKKKKKKKKKKKSSSSD......
....KKKKKKKKKKKKKKKKKKKKKKKKKKK.....KDDDDDDDDDSSSSSSSSSSSSSSSSSSSSSSSSSSSSSSS.....SSSSSSSSSSSSSSSSSSSSDDDDDDDDDDDDDDDDDDDDDD........KKKKKKKKKKKKKKKKKKKKSS......
....KKKKKKKKKKKKKKKKKKKKKKKKKKK......DDDDDSSSSSSSSSSSSSSSSSSSSSSSSSSSSSSSSSSS.....SSSSSSSSSSSSSSSSSSSSSSSDDDDDDDDDDDDDD.DDD........KKKKKKKKKKKKKKKKKKKKKKK......
...KKKKKKKKKKKKKKKKKKKKKKKKKKKK......KDDDDSSSSSSSSSSSSSSSSSSSSSSSSSSSSSSSSSS......SSSSSSSSSSSSSSSSSSSSSSSSSDDDDDDDD...............KKKKKKKKKKKKKKKKKKKKKKKKKK....
...KKKKKKKK......KKKKKKKKKKKKK.........SSSSSSSSSSSSSSSSSSSSSSSSSSSSSSSSSSSSS......SSSSSSSSSSSSSSSSSSSSSSSSSSDDDDD...............KKKKKKKKKKKKKKKKKKKKKKKKKKKKK...
..KKKKKKKK..............KKKK.............SSSSSSSSSSSS.........SSSSSSSSSSSS...........SSSSSSSSSSSSSSSSSSS.......................KKKKKKKKKKKKKKKKKKKKKKKKKKKKKKK..
...KKKKKK..........................................................SSSSS...............SSSSSSSSSS...............................KKKKKKKKKKKKKKKKKKKKKKKKKKKKKK..
...KKKKKKK...............................................................................S..................................................KKKKKKKKKKKKKKKKKK..
....KKKKKKK.........................................................................................................................................KKKKKKKKKKK.
....KKKKKKKKKKKK.....................................................................................................................................KKKKKKKKK..
......KKKKKKKKKKKKKKKKKK.............................SSSSSSSS...........................................SSSSSSS.......................................KKKKKKKK..
......SKKKKKKKKKKKKKKKKKKK.................SSSSSSSSSSSSSSSSSSSSSSS................................SSSSSSSSSSSSSS.....................................KKKKKKKKK..
......SSSKKKKKKKKKKKKKKKKKK...............SSSSSSSSSSSSSSSSSSSSSSSSSSS......................SSSSSSSSSSSSSSSSSSSSSS.............KKKKKKKKKKKKKK........KKKKKKKKK...
......SSSSSSKKKKKKKKKKKKKKKK.............SSSSSSSSSSSSSSSSSSSSSSSSSSSS.....................SSSSSSSSSSSSSSSSSSSSSSSSS.........SSSKKKKKKKKKKKKKKKKKKKKKKKKKKKKK....
......SSSSSSSSSSSSSSKSSSSSSSSS............SSSSSSSSSSSSSSSSSSSSSSSSSSSS...................SSSSSSSSSSSSSSSSSSSSSSSUUUUUUUUUUUUUUUUUUUUUUUKKKKKKKKKKKKKKKKKKK......
......SSSSSSSSSSSSSSSSSSUUUUUUUUUUUUUUUUUUUUUSSSSSSSSSSSSSSSSSSSSSSSSS...................SSSSSSSSSSSSSSSSSSSSSSSU.....................UKKKKKKKKKKKKKKKKKSS......
......SSSSSSSSSSSSSSSSSSU...................USSSSSSSSSSSSSSSSSSSSSSSSSSS...............SSSSSSSSSSSSSSSSSSSSSSSSSU.....................UKKKKKKKKKKKKKKSSSSS......
......SSSSSSSSSSSSSSSSSSU...................USSSSSSSSSSSSSSSSSSSSSSSUUUUUUUUUUUUUUUUUUUUUUUSSSSSSSSSSSSSSSSSSSSSU.....................USSSSSSKSSSSSSSSSSSS......
......SSSSSSSSSSSSSSSSSSU...................USSSSSSSSSSSSSSSSSSSSSSSU.....................USSSSSSSSSSSSSSSSSSSSS.......................SSSSSSSSSSSSSSSSSSS......
......SSSSSSSSSSSSSSSSSS......................SSSSSSSSSSSSSSSSSSSSSSU.....................USSSSSSSSSSSSSSSSSSSSS.......................SSSSSSSSSSSSSSSSSSS......
......SSSSSSSSSSSSSSSSSS...........................SSSSSSSSSSS......U.....................U...SSSSSSSSSSSSSSSSSS.......................SSSSSSSSSSSSSSSSSSS......
......SSSSSSSSSSSS...................................SS.........................................SSSSSSSSSSSS....UUUUUUUUUUUUUUUUUUUUUUU..SSSSSSSSSSSSSSSSS......
......SSSSSSSSSSS.......UUUUUUUUUUUUUUUUUUUUU.....................................................SSSS.......................................SSSSSSSSSSSSS......
......SSSSSSSSSS...................................................................................................................................SSSSSSS......
......SSSSSSSSSSS...................................................UUUUUUUUUUUUUUUUUUUUUUU.........................................................SSSSSS......
......SSSSSSSSSSSS.............................................SSSSS.................................................SSSS............................SSSKK......
......SSSSSSSSSSSSSSSSSSS..............................SSSSSSSSSSSSSSSSSS...................................SS.......SSSSS..........................SSSKKK......
......SSSSSSSSSSSSSSSSSSSSSSSSSSSSSS...................SSSSSSSSSSSSSSSSSSSSSS..........................SSSSSS.......SSSSSS.................SS......SSSKKKK......
......SSSSSSSSSSSSSSSSSSSSSSSSSSSSSSS.................SSSSSSSSSSSSSSSSSSSSSSSS.....................SSSSSSSSS.......SSSSSSSS...............SSSSSSSSSKKKKK........
......SSSSSSSSSSSSSSSSSSSSSSSSSSSSSSSS................SSSSSSSSSSSSSSSSSSSSSSSSS...................SSSSSSSSS.......SSSSSSSSSS.............SSSSSSSSSSKKKK.........
......KKKSSSSSSSSSSSSSSSSSSSSSSSSSSSSSSS................S.SSSSSSSSSSSSSSSSSSSSS...................SSSSSSSS.......SSSSSSSSSSSSS.........SSSSSSSSSKKKKKK..........
......KKKSSSSSSSSSSSSSSSSSSSSSSSSSSSSSSSSSSSS.SS..............SSSSSSSSSSSSSSSSSSS...............SSSSS...........SSSSSSSSSSSSSSSSSS.SSSSSSSSSSSSKKKK.............
......KKKKKSSSSSSSSSSSSSSSSSSSSSSSSSSSSSSSSSSSSSSS..............SSSSSSSSSSSSSSSSSS............SSSSS...............SSSSSSSSSSSSSSSSSSSSSSSSSSSKKKKKK.............
.........KKKKKSSSSSSSSSSSSSSSSSSSSSSSSSSSSSSSSS..................SSSSSSSSSSSSSSSS........SSSSSSSSS....................SSSSSSSSSSSSSSSSSSSSSSKKKK................
.........KKKKKKKKSSSSSSSSSSSSSSSSSSSSSS..............................SSSSSSSSSSSS......SSSSSSS................................SSSSSSSSSSSSSKKKK.................
...........KKKKKKKKKKKSSKSSKKSKKS........................................SSSSSSS......SSS...........................................SSSSSKKKK...................
..............KKKKKKKKKKKKKKKKKK..............................................S......................................................SSSKKKK....................
.................KKKKKKKKKKKKKKK.....................................................................................................KKKKKK.....................
......................KK.KK..K...............KKKSSS.............S.................................S...............SSSSS..............KKKK.......................
...........................................KKKKKKKKKS.........SSSSSSS........................SSSSSSSS...........SSSSSSSSSSSSSSS.....KKKK........................
...............................................KKKKKSSSSS.SSSSSSSSSSSSSSSS..............SSSSSSSSSSKKKKKKKK.KKKKKSSKSSSSSSSSSSSKKKKKKK...........................
................................................KKKKKKKKSSSSSSSSSSSSSSSSSSSSSS.....SSSSSSSSSSSKKKKKKKKKKKKKKKKKKKKKKKKKKKKKKKKKKKKKK............................
....................................................KKKKKSSSSSSSSSSSSSSSSSSSSSSSSSSSSSSSSSKKKKKKKKKKKKKK.KKKKKKKKKKKKKKKKKKKKKKKK...............................
....................................................KKKKKKKSSSSSSSSSSSSSSSSSSSSSSSSSSSSSSSKKKKKKKK..............KK.KKKKKKKKKKK..................................
........................................................KKKKKKSSSSSSSSSSSSSSSSSSSSSSSSSKKKKKKK..................................................................
.........................................................KKKKKKSSSSSSSSSSSSSSSSSSSSSKKKKKK......................................................................
...........................................................KKKKKKKSSSSSSSSSSSSSSSKKKKKKKKK......................................................................
..............................................................KKKKKKKKKSSSSSKKKKKKKKKKK.........................................................................
...............................................................KKKKKKKKKKKKKKKKKKKKK............................................................................
..................................................................KKKKKKKKKKKKKKK...............................................................................
.......................................................................KKKKK....................................................................................
................................................................................................................................................................
................................................................................................................................................................
................................................................................................................................................................
................................................................................................................................................................
................................................................................................................................................................
................................................................................................................................................................
................................................................................................................................................................
