................................................................................................................................
................................................................................................................................
................................................................................................................................
................................................................................................................................
................................................................................................................................
................................................................................................................................
................................................................................................................................
................................................................................................................................
................................................................................................................................
................................................................................................................................
................................................................................................................................
.................................................................H..............................................................
.............................................................HHHHD..............................................................
...........................................................HHDDDDDHH............................................................
.........................................................HHDDDDDDDDD............................................................
........................................................HDDDDDDDDDDDHH..........................................................
.......................................................HDDDDDDDDD.DDDDHH........................................................
......................................................HDDDDD.........DDD........................................................
....................................................HHD................DHH......................................................
..........................................................................H.....................................................
............................................................................H...................................................
.............................................................PPPP..............HH.H.............................................
........................................................PPPPPPPPPP...............HDH.H..........................................
......................................................DPPPPPPPPPPP.....P...........DHDHHHH......................................
....................................................DDPPPPPPPPPPPP.....PDDD..........DDDDDH.....................................
..................................................DDPPPPPPPPPPPPPP.....PPPDDD..........DDDDHH...................................
................................................DDDDPPPPPPPPPPPPPPP....PPPPDDDD..........DDDDHH.................................
.............................................DDDDDPPPPPPPPPPPPPPPPP.....PPPPPDDDD..............H................................
.........................................DDDDDDDDPPPPPPPPPPPPPPPPPP.....PPPPPPPPPDP.............................................
.....................................HHHDDDDDDDDPPPPPPPPPPPPPPPPPPP.....PPPPPPPPPPPPD...........................................
................................HHDHDDDDDDDDDDDPPPPPPPPPPPPPPPPPPPPP....PPPPPPPPPPPPPPPP........................................
..............................HDDDDDDDDDDDDDDDPPPPPPPPPPPPPPPPPPPPPP.....PPPPPPPPPPPPPPPPPPDD...................................
...........................DDDDDDDDDDDDDDDDDDPPPPPPPPPPPPPPPPPPPPPPP.....PPPPPPPPPPPPPPPPPPPPDDDDD..............................
.........................DDDDDDDDDDDDDDDDDDPPPPPPPPPPPPPPPPPPPPPPPP......PPPPPPPPPPPPPPPPPPPPPPDDDDDDD..........................
......................HDDDDDDDDDDDDDDDDDDPPPPPPPPPPPPPPPPPPPPPPPPPP.....PPPPPPPPPPPPPPPPPPPPPPPPDDDDDDHH..................HHHHHH
....................HHDDDDDDDDDDDDDDDDDDPPPPPPPPPPPPPPPPPPPPPPPPPP......PPPPPPPPPPPPPPPPPPPPPPPPPDDDDDDDH...................DDDD
HH...............HDDDDDDDDDDDDDDDDPDPPPPPPPPPPPPPPPPPPPPPPPPPPPPPP.....PPPPPPPPPP...PPPPPPPPPPPPPPPDDDDDDH..................DDDD
DDHHH........HHHDDDDDDDDDDDDDD.PPPPPPPPPPPPPPPPPP...PPPPPPPPPPPP......PPPPPPPP..........PPPPPPPPPPPDDDDDDDHH.....HHHD.......DDDD
DDDDDHHHHHHHHDDDDDDDDDDDDD.........PPPPPPPP............PPPPP..........PPPP..................PPPPPP.PDDDDDDDDHHHHHDDDDDDDD.DDDDDD
DDDDDDDDDDDDDDDDDDDDDDDD...............................................................................DDDDDDDDDDDDDDDDDDDDDDDDD
DDDDDDDDDDDDDDDDDDDDDDD..................................................................................DDDDDDDDDDDDDDDDDDDDDDD
DDDDDDDDDDDDDDDDDDDDDDP.........................................................PPPPPP....................DDDDDDDDDDDDDDDDPPPPPP
DDDDDDDDDDDDDDDDDDPPPP........................PPPPPPP.......................PPPPPPPPPPPPPP.................DDDDDDDDDDDPPPPPPPPPP
PPDDDDDDDDDDDDDDPPPPPPP.................PPPPPPPPPPPPPPP...................PPPPPPPPPPPPPPPP.................DDDDDDDDDPPPPPPPPPPPP
PPPPPDDDDDDDDPPPPPPPPPP...............PPPPPPPPPPPPPPPPPP.................PPPPPPPPPPPPPPPPPP................PDDDDDPPPPPPPPPPPPPPP
PPPPPPPPPPPPPPPPPPPPPPPP.............PPPPPPPPPPPPPPPPPPP.................PPPPPPPPPPPPPPPPPP...............PPPPPPPPPPPPPPPPPPPPPP
PPPPPPPPPPPPPPPPPPPPPPPPPP.........PPPPPPPPPPPPPPPPPPPPP................PPPPPPPPPPPPPPPPPPPP.............PPPPPPPPPPPPPPPPPPPPPPP
PPPPPPPPPPPPPPPPPPPPPPPPPPPPPP.PPPPPPPPPPPPPPPPPPPPPPPP................PPPPPPPPPPPPPPPPPPPPPPP.........PPPPPPPPPPPPPPPPPPPPPPPPP
PPPPPPPPPPPPPPPPPPPPPPPPPPPPPPPPPPPPPPPPPPPPPPPPPPPPPP...............PPPPPPPPPPPPPPPPPPPPPPPPPPPPP.PPPPPPPPPPPPPPPPPPPPPPPPPPPPP
PPPPPPPPPPPPPPPPPPPPPPPPPPPPPPPPPPPPPPPPPPPPPPPPPPPPPP......PPPP.PPPPPPPPPPPPPPPPPPPPPPPPPPPPPPPPPPPPPPPPPPPPPPPPPPPPPPPPPPPPPPP
PPPPPPPPPPPPPPPPPPPPPPPPPPPPPPPPPPPPPPPPPPPPPPPPPPPPP......PPPPPPPPPPPPPPPPPPPPPPPPPPPPPPPPPPPPPPPPPPPPPPPPPPPPPPPPPPPPPPPPPPPPP
PPPPPPPPPPPPPPPPPPPPPPPPPPPPPPPP...PPPPPPPPPPPPPPPPP......PPPPPPPPPPPPPPPPPPPPPPPPPPPPPPPPPPPPPPPPPPPPPPPPPPPPPPPPPPPPPPPPPPPPPP
PPPPPPPPPPPPPPPPPPPPPPPPPPPPP.........PPPPPPPPPPPPP......PPPPPPPPPPPPPPPPPPPPPPPPPPPPPPPPPPPPPPPPPPPPPPPPPPP...PPPPPPPPPPPPPPPPP
PPPPPPPPPPPPPPPPPPPPPPPPPP...............PPPPPPPP........PPPPPPPP...PPPPPPPPPPPPPPPPPP.PPPPPPPPPPPPPPPP.........PPPPPPPPPPPPPPPP
PPPPPPPPPPPPPPPPPPPPPPP.....................P...........PPP.............PPPPPPPPPP.........PPPPPPP..............PPPPPPPPPPPPPPPP
PPPPPPPPPPPPPPPPPPPP........................................................PPPP................................PPPPPPPPPPPPPPPP
PPPPPPPPPPPPPPPPP...............PPPP...........................................................................PPPPPPPPPPPPPPPPP
PPPPPPPPPPPPPPPP.............PPPPPPPPPP...................................................................PPPPPPPPPPPPPPPPPPPPPP
PPPPPPPPPPPPPPPP..........PPPPPPPPPPPPPPPP....................PPPPPPPP..............................PPPPPPPPPPPPPPPPPPPPPPPPPPPP
PPPPPPPPPPPPPPPP.......PPPPPPPPPPPPPPPPPPPP..............PPPPPPPPPPPPPPPPP.....................PPPPPPPPPPPPPPPPPPPPPPPPPPPPPPPPP
PPPPPPPPPPPPPPPPP...PPPPPPPPPPPPPPPPPPPPPPP.............PPPPPPPPPPPPPPPPPPPPPP................PPPPPPPPPPPPPPPPPPPPPPPPPPPPPPPPPP
PPPPPPPPPPPPPPPPPPPPPPPPPPPPPPPPPPPPPPPPPPPP...........PPPPPPPPPPPPPPPPPPPPPPPPP.............PPPPPPPPPPPPPPPPPPPPPPPPPPPPPPPPPPP
PPPPPPPPPPPPPPPPPPPPPPPPPPPPPPPPPPPPPPPPPPPPP.........PPPPPPPPPPPPPPPPPPPPPPPPPPPP.........PPPPPPPPPPPPPPPPPPPPPPPPPPPPPPPPPPPPP
PPPPPPPPPPPPPPPPPPPPPPPPPPPPPPPPPPPPPPPPPPPPPPPPP.PPPPPPPPPPPPPPPPPPPPPPPPPPPPPPPPPPPP.PPPPPPPPPPPPPPPPPPPPPPPPPPPPPPPPPPPPPPPPP
PPPPPPPPPPPPPPPPPPPPPPPPPPPPPPPPPPPPPPPPPPPPPPPPPPPPPPPPPPPPPPPPPPPPPPPPPPPPPPPPPPPPPPPPPPPPPPPPPPPPPPPPPPPPPPPPPPPPPPPPPPPPPPPP
PPPPPPPPPPPPPPPPPPPPPPPPPPPPPPPPPPPPPPPPPPPPPPPPPPPPPPPPPPPPPPPPPPPPPPPPPPPPPPPPPPPPPPPPPPPPPPPPPPPPPPPPPPPPPPPPPPPPPPPPPPPPPPPP
PPPPPPPPPPPPPPPPPPPPPPPPPPPPPPPPPPPPPPPPPPPPPPPPPPPPPPPPPPPPPPPPPPPPPPPPPPPPPPPPPPPPPPPPPPPPPPPPPPPPPPPPPPPPPPPPPPPPPPPPPPPPPPPP
PPPPPPPPPPPPPPPPPPPPPPPPPPPPPPPPPPPPPPPPPPPPPPPPPPPPPPPPPPPPPPPPPPPPPPPPPPPPPPPPPPPPPPPPPPPPPPPPPPPPPPPPPPPPPPPPPPPPPPPPPPPPPPPP
PPPPPPPPPPPPPPPPPPPPPPPPPPPPPPPPPPPPPPPPPPPPPPPPPPPPPPPPPPPPPPPPPPPPPPPPPPPPPPPPPPPPPPPPPPPPPPPPPPPPPPPPPPPPPPPPPPPPPPPPPPPPPPPP
PPPPPPPPPPPPPPPPPPPPPPPPPPPPPPPPPPPPPPPPPPPPPPPPPPPPPPPPPPPPPPPPPPPPPPPPPPPPPPPPPPPPPPPPPPPPPPPPPPPPPPPPPPPPPPPPPPPPPPPPPPPPPPPP
PPPPPPPPPPPPPPPPPPPPPPPPPPPPPPPPPPPPPPPPPPPPPPPPPPPPPPPPPPPPPPPPPPPPPPPPPPPPPPPPPPPPPPPPPPPPPPPPPPPPPPPPPPPPPPPPPPPPPPPPPPPPPPPP
PPPPPPPPPPPPPPPPPPPPPPPPPPPPPPPPPPPPPPPPPPPPPPPPPPPPPPPPPPPPPPPPPPPPPPPPPPPPPPPPPPPPPPPPPPPPPPPPPPPPPPPPPPPPPPPPPPPPPPPPPPPPPPPP
