................................................................................................................................
................................................................................................................................
................................................................................................................................
................................................................................................................................
................................................................................................................................
................................................................................................................................
................................................................................................................................
................................................................................................................................
................................................................................................................................
................................................................................................................................
................................................................................................................................
................................................................................................................................
................................................................................................................................
................................................................................................................................
................................................................................................................................
................................................................................................................................
.................................................................s..............................................................
............................................................sssssssss...........................................................
.......................................................ssssssssssssssss.........................................................
....................................................ssssssssssssssssssssss......................................................
..................................................ssssssssssssssssssssssssss....................................................
.................................................ssssssssssss....ssssssssssssss.................................................
................................................ssssssss..........sssssssssssssss...............................................
...............................................sssssss............sssss.sssssssssss.............................................
..............................................ssssss..............sssss....ssssssssss...........................................
.............................................sssss................sssss......ssssssssss.........................................
...........................................sssss...................ssss........ssssssssss.......................................
.........................................ssss......................sssss.........ssssssssssssss.................................
........................................s..........................sssss...........ssssssssssssss...............................
..................................s.s..............................sssss.............ssssssssssssss.............................
...............................s....................................ssss................sssssssssss.............................
...........................sss......................................sssss....................sssssss............................
.........................ss.........................................sssss.........................ssss..........................
.......................ss..........................................ssssss.......................................................
...................................................................sssss........................................................
..................ss..............................................ssssss..............................................ssssss....
................s.................................................sssss..........sss................................ssssssss....
..............................s..................sss............ssssss........ssssssssss.............................sssssss....
..........................sssssssss........ssssssssssss.....ssssssssss....ssssssssssssssssss......s......................s......
........................sssssssssssssssssssssssssssssssssssssssssssssssssssssssssssssssssssssssssssssss.........................
.......................ssssssssssssssssssssssssssssssssssssssssssssssssssssssssssssssssssssssssssssssssss.......................
.......................sssssssssssssssssssssssssssssssssssssssssssssssssssssssss......ssssssssssssssssssss......................
......................ssssssssssssssssssssssss.......sssssssssssssssssssssss..............sssssssssssssssss.....................
.......................sssssssssssssssss...............sssssssssssssssssss................sssssssssssssssss.....................
.......................sssssssssssssss..................sssssssssssssssss..................ssssssssssssssss.....................
........................sssssssssssss...................sssssssssssssssss..................sssssssssssssss......................
..........................sssssssss.....................ssssssssssssssss....................sssssssssssss.......................
..............................s........................ssssssssssssssss.......................sssssssss.........................
......................................................sssssssssssssss.............................s.............................
......................................................ssssss....s...............................................................
.....................................................ssssss.....................................................................
................................sss.................ssssss......................................................................
.............................sssssssss.............ssssss...................................................sss.................
..........................sssssssssssssss........ssssssss........sss..................s................sssssssss................
.......................sssssssssssssssssssss.sssssssssss...sssssssssssss..........sssssssss.......ssssssssssssss................
....................ssssssssssssssssssssssssssssssssssssssssssssssssssssssss....ssssssssssssssssssssssssssssssss................
.................sssssssssssssss....sssssssssssssssssssssssssssssssssssssssssssssssssssssssssssssssssssssssssss.................
................sssssssssssss..........sssssssssssssssssssssssssssssssssssssssssssssssssssssssssssssssssss......................
................ssssssssss................ssssssssssssssssssss........ssssssssssssssssssssssssssssss............................
................sssssss....................ssssssssssssss.................sssssssssssssssssssss.................................
.................sss.......................sssssssssssss......................ssssssssssssssss..................................
............................................sssssssssss.........................sssssssssssss...................................
.............................................sssssssss............................sssssssss.....................................
.................................................s....................................s.........................................
................................................................................................................................
................................................................................................................................
................................................................................................................................
................................................................................................................................
................................................................................................................................
................................................................................................................................
................................................................................................................................
................................................................................................................................
