................................................................................................................................
................................................................................................................................
................................................................................................................................
................................................................................................................................
................................................................................................................................
................................................................................................................................
................................................................................................................................
................................................................................................................................
................................................................................................................................
................................................................................................................................
................................................................................................................................
................................................................................................................................
................................................................................................................................
................................................................................................................................
................................................................................................................................
................................................................................................................................
................................................................................................................................
................................................................................................................................
................................................................................................................................
................................................................................................................................
................................................................................................................................
................................................................................................................................
................................................................................................................................
................................................................................................................................
................................................................................................................................
..........................................................ss....................................................................
..........................................................sss...................................................................
..........................................................ssss..................................................................
........................................................sssssss.................................................................
...................................s..................sssssssssss................sss............................................
...............................sssssssss............ssssssssssssss.............sssssss..........................................
..............................sssssssssss.........ssssssssssssssss..........ssssssssssss........................................
.............................sssssssssssss......sssssssssssssssssss.......ssssssssssssssss......................................
.............................sssssssssssssssssssssssssss..sssssssss....sssssssssssssssssssssss..........................sss.....
............................ssssssssssssssssssssssssss....sssssssssssssssssssssss...ssssssssssssss..............ssssssssssss....
...........................sssssssssssssssssssssssss.......sssssssssssssssssss........ssssssssssssss....ssssssssssssssssssss....
.........................sssssssssssssssssssssssss.........sssssssssssssssss..........ssssssssssssssssssssssssssssssssssssss....
.......................ssssssssssssssssss...ssss............sssssssssssss.............sssssssssssssssssssssssssssssssssssss.....
....ssss.............sssssssssssssssssss....................sssssssssss..............sssssssssssssssssssssssssssssss............
...ssssssssssssssssssssssssss......s.........................ssssssssss...............ssssssssssssssssssssss....................
...ssssssssssssssssssssssss...................................sssssssss...............sssssssssssssss...........................
...ssssssssssssssssssssss.....................................ssssssssss...............sssssssssssss............................
....sssssssssssssssssss........................................sssssssss.................sssssssss..............................
..................ssss........................................ssssssssss.....................s..................................
...........................................................ssssssssssss.........................................................
..........................................................sssssssssssss.........................................................
.........................................................sssssssssssss..........................................................
.........................................................sssssssssssss..........................................................
............................s...........................sssssssssssssss.........................................................
........................sssssssss........................sssssssssssss..........................................................
.......................sssssssssss......................ssssssssssssss................................s.........................
......................sssssssssssss..................ssssssssssssssss.............................sssssssss.....................
......................ssssssssssssssss...........sssssssssssssssssss............................sssssssssssss...................
.....................sssssssssssssssssssss....sssssssssssssssssssssss..........................sssssssssssssss..................
....................sssssssssssssssssssssssssssssssssssssssssssssssssssss..................sssssssssssssssssss..................
..................ssssssssssssssssssssssssssssssssssssss.ssssssssssssssssssss...........ssssssssssssssssssssssss................
................ssssssssssssssssss.sssssssssssssssss.....sssssssssssssssssssssss....sssssssssssssssssssssssssssssss.............
..............sssssssssssssssssss......ssssssssss........ssssssssssssssssssssssssssssssssssssssssssssssssssssssssssssss.........
............ssssssssss......s..............sss...........ssssssssss...ssssssssssssssssssssssss..ssssssssssssssssssssssssss......
..........ssssssssss......................................sssssssss......ssssssssssssssssss.......sssssssss..sssssssssssssssss..
.........ssssssssss.......................................sssssssss..........ssssssssss...............s.........sssssssssssssss.
.........ssssssss.........................................sssssssss..............sss................................sssssssssss.
.........ssssss...........................................sssssssss....................................................ssssssss.
..........sss.............................................ssssssssss.......................................................sss..
...........................................................sssssssss............................................................
...........................................................sssssssss............................................................
...........................................................sssssssss............................................................
...........................................................sssssssss............................................................
...........................................................ssssssssss...........................................................
............................................................sssssssss...........................................................
............................................................sssssssss...........................................................
............................................................sssssssss...........................................................
