................................................................................................................................................................
................................................................................................................................................................
................................................................................................................................................................
................................................................................................................................................................
................................................................................................................................................................
................................................................................................................................................................
................................................................................................................................................................
................................................................................................................................................................
................................................................................................................................................................
................................................................................................................................................................
................................................................................................................................................................
................................................................................................................................................................
................................................................................................................................................................
................................................................................................................................................................
................................................................................................................................................................
................................................................................................................................................................
................................................................................................................................................................
................................................................................................................................................................
................................................................................................................................................................
................................................................................................................................................................
................................................................................................................................................................
................................................................................................................................................................
...............................................................................sss..............................................................................
..............................................................................sssss.............................................................................
..............................................................................sssss.............................................................................
..............................................................................sssss.............................................................................
..............................s..............................................ssssss.............................................................................
..............................ssss...........................................ssssss.............................................................................
.............................sssss...........................................ssssss.............................................................................
.............................ssssss..........................................ssssss..............................................sss............................
.............................ssssss..........................................ssssss.............................................sssss...........................
..............................ssssss.........................................ssssss...........................................sssssss...........................
..............................ssssss.........................................sssss...........................................ssssssss...........................
...............................sssss.........................................sssss..........................................ssssssss............................
...............................ssssss........................................sssss.....................................s...ssssssss.............................
...............................ssssss.......................................ssssss.................................sssssssssssssss..............................
...........ssssss.............sssssssss.....................................ssssss...............................sssssssssssssss................................
..........ssssssssssssss....sssssssssssss............sssssssss............sssssssssss...................sssssssssssssssssssssss.................................
.........ssssssssssssssssssssssssssssssssssssssssssssssssssssssssss.....sssssssssssssss..........sssssssssssssssssssssssssssssss................................
..........sssssssssssssssssssssssssssssssssssssssssssssssssssssssssssssssssssssssssssssss.ssssssssssssssssssssssssssssssssssssssssssssssssss....................
...........sssssssssssssssssssssssssssssssssssssssssssssssssssssssssssssssssssssssssssssssssssssssssssssssssssssssssssssssssssssssssssssssssssssssss............
................sssssssssssssssssssssssssssssssssssssssssssssssssssssssssssssssssssssssssssssssssssssssssssssssssssssssssssssssssssssssssssssssssssss...........
........................sssssssssssssssssssssssssssss........sssssssssssssssssssssssssssssssssssssssssss.......sssssssssssssssssssssssssssssssssssssss..........
..........................sssssssssssssssss.......................ssssssssssssssssssssssssssssssss..............sssssssssssssssssssssssssssssssssssss...........
...........................sssssssssssssss...........................ssssssssssssssssssssss......................sssssssssssss..............ssssssss............
............................sssssssssssss............................sssssssssssssssssssss.........................sssssssss....................................
..............................ssssssssssss............................sssssssssssssssssss........................wwwwwwwwwwwwwwwwwwwww..........................
.........................wwwwwwwwwwwwwwwwwww..........................sssssssssssssssssss........................wwwwwwwwwwwwwwwwwwwww..........................
.........................wwwwwwwwwwwwwwwwwww............................sssssssssssssss..........................wwwwwwwwwwwwwwwwwwwww..........................
.........................wwwwwwwwwwwwwwwwwww.........................wwwwwwwwwwwwwwwwwwwww.......................wwwwwwwwwwwwwwwwwwwww..........................
.........................wwwwwwwwwwwwwwwwwww.........................wwwwwwwwwwwwwwwwwwwww.......................wwwwwwwwwwwwwwwwwwwww..........................
.........................wwwwwwwwwwwwwwwwwww.s.......................wwwwwwwwwwwwwwwwwwwww.......................wwwwwwwwwwwwwwwwwwwww..........................
.........................wwwwwwwwwwwwwwwwwwwsssssss...........ssssssswwwwwwwwwwwwwwwwwwwwwssss...................wwwwwwwwwwwwwwwwwwwwws.........................
..................ssssssswwwwwwwwwwwwwwwwwwwsssssssss..sssssssssssssswwwwwwwwwwwwwwwwwwwwwssssss............ssssswwwwwwwwwwwwwwwwwwwwwsss.......................
.................sssssssswwwwwwwwwwwwwwwwwwwssssssssssssssssssssssssswwwwwwwwwwwwwwwwwwwwwssssssss....sssssssssssssssssssssssssssssssssssssss...................
................ssssssssssssssssssssssssssssssssssssssssssssssssssssswwwwwwwwwwwwwwwwwwwwwsssssssssssssssssssssssssssssssssssssssssssssssssssssssss.............
.................sssssssssssssssssssssssssssssssssssssssssssssssssssswwwwwwwwwwwwwwwwwwwwwssssssssssssssssssssssssssssssssssssssssssssssssssssssssss............
..................sssssssssssssssssssssssssssssssssssssssssssss.....sssssssssssssssssssssssssssssssssssssssssssssssss....ssssssssssssssssssssssssssss...........
.........................ssssssssssssssssssssssssssssss..................sssssssssssssssssssssssssssssssssss..sssssss.....ssssssssssssssssssssssssss............
....................................sssssssssssssssssss......................ssssssssssssssssssssssssss......sssssss......sssssssssssssssss..ssssss.............
.....................................sssssssssssssssss........................sssssssssssssssssssss.........sssssss........sssssssssssssss......................
......................................ssssssssssssssss.........................sssssssssssssssssss.........sssssss..........sssssssssssss.......................
........................................ssssssssssssssss.s.....................sssssssssssssssssss........sssssss.............sssssssss.........................
.............................................s..ssssssssssssss...................sssssssssssssss.....sssssssssss..................s.............................
..................................................ssssssssssssss..................ssssssssssss.....sssssssssssssss..............................................
...............................................ssssssssssssssssss................ssssssss.........ssssssssssssssssssss..........................................
.......................................ssssssssssssssssssssssssssssss............ssssss.......ssssssssssssssssssssssssssssssss..................................
.................................ssssssssssssssssssssssssssssssssssssssss.......ssssss...sssssssssssssssssssssssssssssssssssssssssss............................
................................ssssssssssssssssssssssssssssssssssssssssssssss.ssssssssssssssssssssssssssssssssssssssssssssssssssssss...........................
................................sssssssssssssssssssssssssssssssssssssssssssssssssssssssssssssssssssssssssssssssssssssssssssssssssssss...........................
................................s..sss.ssssss......sssssssssssss.sssssssssssssssssssssssssssssssss.sssssssssssssss.....ssssssssssssss...........................
.....................................................sssssssss.......ssssssssssssssssssssssss........sssssssssss...............sssss............................
.........................................................s................ssssssssssssss..................s.....................................................
..............................................................................sssss.............................................................................
................................................................................................................................................................
................................................................................................................................................................
................................................................................................................................................................
................................................................................................................................................................
................................................................................................................................................................
................................................................................................................................................................
................................................................................................................................................................
................................................................................................................................................................
................................................................................................................................................................
................................................................................................................................................................
................................................................................................................................................................
................................................................................................................................................................
................................................................................................................................................................
................................................................................................................................................................
................................................................................................................................................................
................................................................................................................................................................
