................................................................................................................................
................................................................................................................................
................................................................................................................................
................................................................................................................................
................................................................................................................................
................................................................................................................................
................................................................................................................................
................................................................................................................................
................................................................................................................................
................................................................................................................................
................................................................................................................................
.............................................................lll................................................................
............................................................lllll...............................................................
............................................................lllll...............................................................
............................................................lllll...............................................................
...........................................................llllll...............................................................
...........................................................llllll...............................................................
...........................................................lllll................................................................
...........................................................lllll................................................................
..........................................................llllll................................................................
..........................................................llllll................................................................
..........................................................llllll................................................................
..............................................ddd.........lllll.........................................................ddd.....
.........dddd................s...........dddddddddd.......lllll.....................................................dddddddd....
........ddddddddddd......sssssssss...dddddddddddddddd....llllll...............ddd.............s..................ddddddddddd....
........dddddddddddddddddsssssssddddddddddddddddddddddd..llllll...........dddddddddddd...sssssssssss.........ddddddddddddddd....
........dddddddddddddddddddddddddddddddddddddddddddddddddlllll.........ddddddddddddddddddddsssssssssss...dddddddddddddddddd.....
.........dddddddddddddddddddddddddddddddddddd...dddddddddddlll.....dddddddddddddddddddddddddddddssssssddddddddddddddddd.........
...............ddddddddddddddddddddddddd..........dddddddddddll.dddddddddddddddddddddddddddddddddddddddddddddddddddd............
.....................ddddddddddddddds...............ddddddddddddddddddddddddd......ddddddddddddddddddddddddddddd................
......................sssssdddddsssss.................dddddddddddddddddddd............ssdddddddddddddddddddd....................
.......................ssssdddddssss....................dddddddddddddd................sssssssdddddddddddd.......................
.........................sdddddsss........................ddddddddd....................sssssssssssddddd.........................
..........................ddddd............................ldddl.........................sssssssssddddd.........................
..........................ddddd............................lllll..............................s...dddddd........................
..........................ddddd............................llllll..................................ddddd........................
..........................ddddd.............................lllll..................................ddddd........................
..........................ddddd.............................lllll..................................dddddd.......................
.........................ddddd..............................llllll..................................ddddd.......................
.........................ddddd..............................llllll..................................ddddd.......................
.....................ddddddddddd..........l..................lllll.................................dddddddddd...................
................ddddddddddddddddddd...lllllllll..............lddddl...............l.............ddddddddddddddddd...............
...........dddddddddddddddddddddddddddlllllllllll.........dddddddddddd.......lllllllllll......ddddddddddddddddddddddd...........
.......ddddddddddddddddddddddddddddddddddlllllllll...ddddddddddddddddddddd.lllllllllllllll.dddddddddddddddddddddddddddddd.......
......ddddddddddddddddddddddddddddddddddddddllllddddddddddddddddddddddddddddddllllllllllddddddddddddddddddddddddddddddddddddd...
......dddddddddddddd.....ddddd..ddddddddddddddddddddddddddddddddddddddddddddddddddlllldddddddddddddd.ddddd....dddddddddddddddd..
......ddddddddd..........dddddd..lldddddddddddddddddddddddddddllllldddddddddddddddddddddddddddddd....ddddd........dddddddddddd..
.......dddd...............ddddd...llllddddddddddddddddddd....llllll....ddddddddddddddddddddddd........ddddd...........dddddddd..
..........................ddddd...lllllllddddddddddd.........lllll.......llddddddddddddddddd..........ddddd...............ddd...
..........................ddddd....lllllllllddddll...........lllll.......llllllddddddddddlll..........ddddd.....................
..........................ddddd.....lllllllllllll............lllll........llllllllldddlllll...........ddddd.....................
..........................ddddd.......lllllllll.............llllll.........lllllllllllllll............ddddd.....................
..........................ddddd...........l.................llllll...........lllllllllll..............ddddd.....................
..........................ddddd.............................lllll.................l...................ddddd.....................
..........................ddddd.............................lllll.....................................ddddd.....................
..........................ddddd............................lllllllllll................................ddddd.....................
..........................dddddd.........................lllllllllllllll..............................ddddd.....................
...........................ddddd.......................lllllllllllllllllll.............................ddddd....................
...........................ddddd.......................lllllllllllllllllll.............................ddddd....................
.......................ssssdsssdss....................lllllllllssslllllllll.........................sssdddddsss.................
.....................sssssssssssssss..................lllllllssssssslllllll.......................sssssdsssdsssss...............
....................sssssssssssssssss................lllllssssssssssssslllll.....................sssssssssssssssss..............
.................ssssssssssssssssssssss...............llsssssssssssssssssll......................sssssssssssssssss..............
.............sssssssssssssssssssssssssssss............ssssssssssssssssssssss..................sssssssssssssssssssssss...........
..........sssssssssssssssssssssssssssssssssss.......sssssssssssslsssssssssssss.............sssssssssssssssssssssssssssss........
.........ssssssssssssssssssssssssssssssssssssss..sssssssssssslllllllssssssssssss........sssssssssssssssssssssssssssssssssss.....
.........sssssssssssssssssssssssssssssssssssssssssssssssssslllllllllllsssssssssssss..sssssssssssssssssssssssssssssssssssssssss..
.........ssssssss......sssssssssss.....ssssssssssssssssss..lllllllllll..ssssssssssssssssssssssssss..sssssssssss..ssssssssssssss.
..........sss...............s............ssssssssssssss.....llllll.........ssssssssssssssssssss..........s..........sssssssssss.
............................................ssssssss........llllll...........sssssssssssssss............................sssssss.
...............................................sss..........llllll..............ssssssss...................................sss..
.............................................................lllll................sss...........................................
.............................................................lllll..............................................................
.............................................................lllll..............................................................
.............................................................llllll.............................................................
.............................................................llllll.............................................................
.............................................................llllll.............................................................
..............................................................lllll.............................................................
..............................................................lllll.............................................................
..............................................................lllll.............................................................
