................................................................................................................................................
................................................................................................................................................
................................................................................................................................................
................................................................................................................................................
................................................................................................................................................
........................................................AAAAA...................................................................................
.....................................................AAAAAAAAAAA................................................................................
...................................................AAAAAAAAAAAAAAA..............................................................................
..................................................AAAAAAAAAAAAAAAAAA.........................................................AAAAA.............A
................................................AAAAAAAAAAAAAAAAAAAAAAA...................................................AAAAAAAAAAAAAAAAAAAAAA
...............................................AAAAAAAAAAAAAAAAAAAAAAAAAA...............................................AAAAAAAAAAAAAAAAAAAAAAAA
A............................................AAAAAAAAAAAAAAAAAAAAAAAAAAAAAAAAAAAAAAAAAAAAAA...........................AA...AAAAAAAAAAAAAAAAAAAAA
AAA........................................AAAAAAAAAAAAAAAAAAAAAAAAAAAAAAAAAAAAAAAAAAAAAAAAAAA......................AAA.....AAAAAAAAAAAAAAAAAAAA
AAAA...................AAAAAAAAAAA.....AAAAAAAAAAAAAAAAANNNNNAAAAAAAAAAAAAAAAAAA...AAAAAAAAAAAAA...................AAAA.....AAAAAAAAAAAAAAAAAAAA
AAAAAA.................AAAAAAAAAAAAAAAAAAAAAAAAAAAAAANNNNNNNNNNNAAAAAAAAAAAAAAA.....AAAAAAAAAAAAAA...............AAAAAA.....AAAAAAAAAAAAAAAAAAAA
AAAAAAAAA.....AAAA.....AAAAAAAAAAAAAAAAAAAAAAAAAAAANNNNNNNNNNNNNNNAAAAAAAAAAAAA.....AAAAAAAAAAAAAAAA...........AAAAAAAA.....AAAAAAAAAAAAAAAAAAAA
AAAAAAAAAAAAAAAAAA.....AAAAAAAAAAAAAAAAAAAAAAAAAAANNNNNNNNNNNNNNNNNNAAAAAAAAAAA.....AAAAAAAAAAAAAAAAAAA.....AAAAAAAAAA......ANNNNNAAAAAAAAAAAAAN
AAAAAAAAAAAAAAAAAA.....AAAAAAAAAAAAAAAAAAAAAAAAANNNNNNNNNNNNNNNNNNNNNNNAAAAAAAA.....AAAAAAAAAAAAAAAAAAAAAAAAAAAAAAAAAA.....NNNNNNNNNNNNNNNNNNNNN
AAAAAAAAAAAAAAAAAA.....AAAAAAAAAAAAAAAAAAAAAAAANNN.NNNNNNNNNNNNNNNNNNNNNNAAAAAA.....AAAAAAAAAAAAAAAAAAAAAAAAAAAAAAAAAA.....NNNNNNNNNNNNNNNNNNNNN
NAAAAAAAAAAAAAAAAA.....AAAAAAAAAAAAAAAAAAAAAA...........NNNNNNNNNNNNNNNNNNNNNNN.....NNNNNNNAAAAAAAAAAAAAAAAAAAAAA.............NNNNNNNNNNNNNNNNNN
NNNAAAAAAAAAAAAAAA.....AAAAAAAAAAAAAAAAAAAA...............NNNNNNNNNNNNNNNNNNNNN.....NNNNNNNNNNAAAAAAAAAAAAAAAAA.................NNNNNNNNNNNNNNNN
NNNNAAAAAAAAAA.............NNNNNNNAAAAANN...................NNNNNNNNNNNNNNNNNNN......NNNNNNNNNNNAAAAAAAAAAAAAA...................NNNNNNNNNNNNNNN
NNNNNNAAAAAA.................NNNNNNNNNNNN...................NNNNNNNNNNNNNNNN.............NNNNNNNNNAAAAAAAAAAA.....................NNNNNNNNNNNNNN
NNNNNNNNNAA...................NNNNNNNNNN.....................NNNNNNNNNNNNN.................NNNNNNNNNAAAAAAAA.......................NNNNNNNNNNNNN
NNNNNNNNNN.....................NNNNNNNNN.....................NNNNNNNNNNN.....................NNNNNNNNNNAAAAA.......................NNNNNNNNNNNNN
NNNNNNNNN.......................NNNNNNN.......................NNNNNNNNN.......................NNNNNNNNNNNNN.........................NNNNNNNNNNNN
NNNNNNNNN.......................NNNNNNNN.....................NNNNNNNNN.........................NNNNNNNNNNNNN.........................NNNNNNNNNNN
NNNNNNN..........................NNNNNNN......................NNNNNNNN.........................NNNNNNNNNNNNN.............................NNNNNNN
NNNNNN..........................NNNNNNN..........................NNNNN.........................NNNNNNNNNNNNN..................................NN
NNNNNN............................NNN...........................................................NNNNNNNNNN.....................................N
NNNNNN.........................................................................................NNNNNNNNN........................NNN............N
NNNNNNN...N................................NN...........FFFF.......................................NNN........................BBBBNNNNN........F
NNNNNNNNNNNN.............................NNNNNNNBB.BBBBFFFFFFFF................................................NNNNNNNN.N......BBBBBBBBBBBB...BF
NNNNNNNNNNNNNN.............NNNN........NNNNNNNNBBBBBBBBFFFFFFFFFF...BBB......................................NNNNNNNNNNNBB.....BBBBBBBBBBBBBBBBF
BNNNNNNNNNNNNNNNNNNN.N.....NNNNNNN...NNNNNNNNBBBBBBBBBBFFFFFFFFFFFBBBBBB...................................NNNNNNNNNNNBBBB......BBBBBBBBBBBBBBBF
BBBNNNNNNNNNNNNNNNNNNN......NNNNNNNNNNNNNNNBBBBBBBBBBBBFFFFFFFFFFFBBBBBBBB.................BBBNNN........NNNNNNNNNNNBBBBBBB......BBBBBBBBBBBBBBF
FFFFNNNNNNNNNNNNNNNNNBB......BBBBBNNNNNBBBBBFFFFFFFFFFFBBBBBBBBBBBBBBBBBBB...............FFFFFFFNNNN...NNNNNNNNNNNNBBBBBBBB......BBBFFFFFFFFFFFB
FFFFFFNNNNNNNNNNNNBBBBB......BBBBBBBBBBBBBBBFFFFFFFFFFFBBBBBBBBBBBBBBBBBB.......BB.BBBBBFFFFFFFFFFNNNNNNNNNNNNNNNBBBBBBBBBBB......BBFFFFFFFFFFFB
FFFFFFFFFNNNNNBBBBBBBBBB......BBBBBBBBBBBBB....................BBBBBBBBB.......BBBBBBBBBFFFFFFFFFFFBNNNNNNNNNNNBBBBBBBBBBBBBB.....BBFFFFFFFFFFFB
FFFFFFFFFFFBBBBBBBBBBBBB......BBBBBBBBBBBBB....................BBBBB.BB.......BBBBBBBBBBFFFFFFFFFFFBBBBNNNNNBBBBBBBBBBBBBBBBB......B.FFFFFFFFFFB
FFFFFFFFFFFBBBBBBBBBBBBBB......B.BBBBBBBBBB....................B.............BBBBBBBBBBBFFFFFFFFFFFBBBBB.BBBBBBBBBBBBBBBBBBBBB...........FFFFFFB
FFFFFFFFFFFBBBBBBBBBBBBBBB.............BBB...................................BBBBBBBBBBBFFFFFFFFFF.............BBBBBBBBBBBBBBB.............FFFFB
FFFFFFFFFFFBBBBBBBBBBBB........................................................BBBBBBBBBFFFFFFF...................BBBBBBBBBBB...............FFFB
FFFFFFFFFFFBBBBBBBBBBB..........................................................BBBBBBBBFFFFF.......................BBBBBBBB.................FFB
FFFFFFFFFFFBBBBBBBBB......................B....................B.................BBBBBBBFFFF.........................BBBBBBB.................FFB
BBBBBBBBBBBBBBBBBBBB.........................BBBBBBBBBBB.........................FFFFFFFBBB...........................BB.....................BBB
BBBBBBBBBBBBBBBBBBB...........................BBBBBBBBBB.........................FFFFFFFBB....................................................BB
BBBBBBBBBBBBBBBBBBB...........................BBBBBBBBB...........................FFFFFFBB...................................................BBB
BBBBBBBBBBBBBBBBBB.............................BBBBBBBBB.........................FFFFFFFBB...................................................BBB
BBBBBBBBBBBBB.................................BBBBBBBBBB.........................FFFFFFFB.....................................................BB
BBBBBBBB......................................BBBBBBBB.............................FFFFFBB.............................BBFFFF...................
BBBBBBB..........................................BBB.................................FFFB..............................BBFFFFF..................
BBBBBBB................................................................................................................BBFFFFFF..........B......
BBBBBBB..........BBBBB................................................................................................BBBFFFFFF......BBBBBB.....
BBBBBBBB...BBBBBBBBBBBF...................B..............BBBBB.................B.....................................FFFFBBBBBB.....BBBBBBBBB...
BBBBBBBBBBBBBBBBBBBBBBFFF..............BBBBBBB........BBBBBBBBBBBBFF.FFFF.......BBB.........B.......................FFFFFBBBBB......BBBBBBBBBBBB
BBBBBBBBBBBBBBBBBBBBBBFF......FF.BBBBBBBBBBBBBBBB...BBBBBBBBBBBBBBFFFFFFFF.......BBBB...BBBBBBB...................FFFFFFFBBBBB.....BBBBBBBBBBBBB
BBBBBBBBBBBBBBBBBBBBBBF......FFFFBBBBBBBBBBBBBBBBBBBBBBBBBBBBBBBBBFFFFFFFFF.......BBBBBBBBBBBBB.......................BFFBBBB......BBBBBBBBBBBBB
BBBBBBBBBBBBBBBBBBBBBB.......FFFFBBBBBBBBBBBBBBBBBBBB.BBBBBBBBBBBBFFFFFFFFFF.......BBBBBBBBBBBB.......................BFFBBB......BBBBBBBBBBBBBB
BBBBBBBBBBBBBBBBBBBBBB......FFFFFBBBBBBBBBBBBBB.............BBBBBBFFFFFFFFFFF.......BBBBBBBBBBB.......................B............BBBBBBBBBBBBB
BBBBBBBBBBBBBBBBBBBBB......FFFFFFBBBBBBBBBBB...................BBBFFFFFFFFFFFB.......BBBBBBBBB.......................................BBBBBBBBBBB
BBBBBBBBBBBBBBBBBB.B......FFFFFFFBBBBBBBBBB.....................BBFFFFFFFFFFFBB.......BBBB.BBB.........................................BBBBBBBBB
BBBBBBBBBBBB..............FFFFFFFBBBBBBBB.........................FFFFFFFFFFFBBB........................................................BBBBBBBB
BBBBBBBBBB.................BBBBBBBBBBBBBB.........................BBBBBBBBBBBBBBB.............B.......................B..................BBBBBBF
BBBBBBBBB...................BBBBBBBBBBBB...........................BBBBBBBBBBBBB.....................FFFFFFFFFBB.........................BBBBBBF
BBBBBBBB.....................BBBBBBBBBBB...........................BBBBBBBBBBB.........................FFFFFFFBB.........................BBBBBBF
BBBBBBB.......................BBBBBBBBB.............................BBBBBBBBBB.........................FFFFFFFB...........................BBBBBF
BBBBBBB.......................BBBBBBBBBB...........................BBBBBBBBBB...........................FFFFFFBB.........................BBBBBBF
BBBBB..........................BBBBBBBBB...........................BBBBBBBBBB...........................FFFFFFBB............................BBBF
BBBB..............................BBBB...............................BBBBBB..............................FFFFF.................................F
BBBB....................................................................................................FFFF....................................
BBBB............................................................................................................................................
FFFFF................................................................................................................................FFFF.......
FFFFFFFFFF.................BBB...........BBBFFF.............BBBBBB...............................................BBBBB.............BFFFFFFFF...B
FFFFFFFFFFFB.............BBBBBBBBBB...BBBBBBFFFFFFFFF.FBBBBBBBBBBBBBB....BBBBBBB..............................BBBBBBBBBBBBBB.BBBBBBBFFFFFFFFFFFB
FFFFFFFFFFFBBBBBBB.BBBBBBBBBBBBBBBBBBBBBBBBBFFFFFFFFFFFBBBBBBBBBBBBBBBBBBBBBBBBBB...................BBBBB...BBBBBBBBBBBBBBBBBBBBBBBBFFFFFFFFFFFB
FFFFFFFFFFFBBBBBBBBBBBBBBBBBBBBBBBBBBBBBBBBBFFFFFFFFFFFBBBBBBBBBBBBBBBBBBBBBBBBBBBBB.............FFBBBBBBBBBBBBBBBBBBBBBBBBBBBBBBBBBFFFFFFFFFFFB
FFFFFFFFFFFBBBBBBBBBBBBBBBBBBBBBBBBBBBBBBBBBFFFFFFFFFFFBBBBBBBBBBBBBBBBBBBBBBBBBBBBBBBBBFF.FFFFFFFFBBBBBBBBBBBBBBBBBBBBBBBBBBBBBBBBBFFFFFFFFFFFB
FFFFFFFFFFFBBBBBBBBBBBBBBBBBBBBBBBBBBBBBBBBBFFFFFFFFFFFBBBBBBBBBBBBBBBBBBBBBBBBBBBBBBBBBFFFFFFFFFFFBBBBBBBBBBBBBBBBBBBBBBBBBBBBBBBBBFFFFFFFFFFFB
FFFFFFFFFFFBBBBBBBBBBBBBBBBBBBBBBBBBBBBBBBBBFFFFFFFFFFFBBBBBBBBBBBBBBBBBBBBBBBBBBBBBBBBBFFFFFFFFFFFBBBBBBBBBBBBBBBBBBBBBBBBBBBBBBBBBFFFFFFFFFFFB
