................................................................................................................................................
................................................................................................................................................
................................................................................................................................................
................................................................................................................................................
................................................................................................................................................
................................................................................................................................................
................................................................................................................................................
................................................................................................................................................
................................................................................................................................................
................................................................................................................................................
................................................................................................................................................
........................................................................................................................sss.....................
.......................................................................................................................sssss....................
.....................ss.........................................................sss....................................sssss....................
..................sssss........................................................sssss...................................sssss....................
..................sssss........................................................sssss...................................sssss....................
..................sssss........................................................sssss..................................ssssss....................
..................sssss........................................................sssss..................................sssss.....................
..................sssss...........................s............................sssss..................................sssss.....................
..................sssss......................sssssssssss.......................sssss.............................sssssssssssss..................
..................sssss....................sssssssssssssss.....................sssss...........................sssssssssssssssss................
..............sssssssssssss..............sssssssssssssssssss...................ssssss.........................sssssssssssssssssss...............
............sssssssssssssssss............sssssssssssssssssss................sssssssssssss....................sssssssssssssssssssss..............
...........sssssssssssssssssss..........sssssssssssssssssssss.............sssssssssssssssss.................sssssssssssssssssssssss.............
..........sssssssssssssssssssss.........sssssssssssssssssssss...........sssssssssssssssssssss...............sssssssssssssssssssssss.............
.........sssssssssssssssssssssss.......sssssssssssssssssssssss.........sssssssssssssssssssssss.............sssssssssssssssssssssssss............
.........sssssssssssssssssssssss........sssssssssssssssssssss.........sssssssssssssssssssssssss.............sssssssssssssssssssssssss...........
.......ssssssssssssssssssssssssss.......ssssssssssssssssssssss........sssssssssssssssssssssssss.............sssssssssssssssssssssssssssss.......
......ssssssssssssssssssssssssss.......ssssssssssssssssssssssssss.....sssssssssssssssssssssssss.............ssssssssssssssssssssssssssssssssss..
......ssssssssssssssssssssssssssss...sssssssssssssssssssssssssssssssssssssssssssssssssssssssssss..........sssssssssssssssssssssssssssssssssssss.
......sssssssssssssssssssssssssssssssssssssssssssssssssssssssssssssssssssssssssssssssssssssssss.........ssssssssssssssssssssssss...ssssssssssss.
.......sss.ssssssssssssssssssssssssssssssss..sssssssssss....sssssssssssssssssssssssssssssssssssssss...ssssssssssssssssssssssss.........ssssssss.
............sssssssssssssssssssssssssssss.........s............ssssssssssssssssssssssssssssssssssssssssssssssss........s.ssssss............sss..
..............sssssssssssss....ssssssss..........................sss...ssssssssssssssssssssssssssssssssssssss.............sssss.................
....................s.sssss.......sss...................................sssssssssssssssssssssssssssssssssss...............ssssss................
......................ssssss..............................................sssssssssssssssss......ssssssss..................ssssss...............
.......................ssssss.............................................sssssssssssssss...........sss....................ssssss...............
.......................ssssss............................................sssssss..s.........................................ssssss..............
........................ssssss.............wwwwwwwwwwwwwwwwwwww.........sssssss..............................................sssss..............
........................ssssss.............wwwwwwwwwwwwwwwwwwww.....s..sssssss...............................................ssssss.s...........
.........................ssssss.s..........wwwwwwwwwwwwwwwwwwwwssssssssssssss...........................s.....................sssssssssss.......
..........................sssssssssssss....wwwwwwwwwwwwwwwwwwwwssssssssssssss.....................sssssssssssss...............sssssssssssss.....
.......................sssssssssssssssssss.wwwwwwwwwwwwwwwwwwwwssssssssssssssss................sssssssssssssssssss...........sssssssssssssss....
......................ssssssssssssssssssssswwwwwwwwwwwwwwwwwwwwsssssssssssssssss.............sssssssssssssssssssssss........sssssssssssssssss...
....................ssssssssssssssssssssssswwwwwwwwwwwwwwwwwwwwssssssssssssssssss...........sssssssssssssssssssssssss.......sssssssssssssssss...
....................sssssssssssssssssssssssss...........sssssssssssssssssssssssss..........sssssssssssssssssssssssssss..sssssssssssssssssssss...
...................sssssssssssssssssssssssssss..........sssssssssssssssssssssssss.........ssssssssssssssssssssssssssssssssssssssssssssssssssss..
...................sssssssssssssssssssssssssss.........sssssssssssssssssssssssssss........sssssssssssssssssssssssssssssssssssssssssssssssssss...
..................sssssssssssssssssssssssssssss.........sssssssssssssssssssssssss.........sssssssssssssssssssssssssssssssssssssssssssssssssss...
.............sssssssssssssssssssssssssssssssss..........sssssssssssssssssssssssss........sssssssssssssssssssssssssssssssssssssssssssssssssssss..
........ssssssssssssssssssssssssssssssssssssss........sssssssssssssssssssssssssssss.......sssssssssssssssssssssssssssss......sssssssssssssssssss
.......ssssssssssssssssssssssssssssssssssssssssss...sssssssssssssssssssssssssssssssss....ssssssssssssssssssssssssssssss.......ssssssssssssssssss
.......ssssssssssssssssssssssssssssssssssssssssssssssssssssssssssssssssssssssssssssssssssssssssssssssssssssssssssssssss........ssssssssss.ssssss
.......ssssssssss.....ssssssssssssssssssssssssssssssssssssssssssssssssssssssssssssssssssssssssssssssssssssssssssssssss.........ssssss......sssss
........sss............sssssssssssssssssss.ssssssssssssss.....sssssssssssssssss.sssssssssssssssssssssssssssssssssssss..........sssss.........sss
.........................ssssssssssssss.......ssssssss..............s....sssssss...sssssssss.sssssssssssssssssssssss..........ssssss............
........................ssssss..s................sss......................sssssss....sss.......sssssssssssssssssss............sssss.............
.......................ssssss..............................................sssssss.............wwwwwwwwwwwwwwwwwwwwwww.......ssssss.............
......................sssssss........................s......................sssssss............wwwwwwwwwwwwwwwwwwwwwww......ssssss..............
......................ssssss...................sssssssssssss.................sssssss...........wwwwwwwwwwwwwwwwwwwwwwwsssssssssssss.............
.....................ssssss.................sssssssssssssssssss...............sssssss..........wwwwwwwwwwwwwwwwwwwwwwwsssssssssssssss...........
..................s.ssssss.................sssssssssssssssssssss...............sssssss....s....wwwwwwwwwwwwwwwwwwwwwwwsssssssssssssssss.........
............ssssssssssssss...............sssssssssssssssssssssssss..............ssssssssssssssswwwwwwwwwwwwwwwwwwwwwwwssssssssssssssssss........
..........sssssssssssssssss..............sssssssssssssssssssssssss...............sssssssssssssswwwwwwwwwwwwwwwwwwwwwwwsssssssssssssssssss.......
.........sssssssssssssssssss............sssssssssssssssssssssssssss.............sssssssssssssssssssss...........sssssssssssssssssssssssss.......
........sssssssssssssssssssss...........sssssssssssssssssssssssssss...........sssssssssssssssssssssssss.........sssssssssssssssssssssssss.......
.......sssssssssssssssssssssss.........sssssssssssssssssssssssssssss..........sssssssssssssssssssssssss........sssssssssssssssssssssssssss......
.......sssssssssssssssssssssss..........sssssssssssssssssssssssssss..........sssssssssssssssssssssssssss........sssssssssssssssssssssssss.......
.....ssssssssssssssssssssssssss.........sssssssssssssssssssssssssss..........sssssssssssssssssssssssssss........ssssssssssssssssssssssssssss....
....ssssssssssssssssssssssssssssss....sssssssssssssssssssssssssssssss......ssssssssssssssssssssssssssssss.....sssssssssssssssssssssssssssssssss.
....ssssssssssssssssssssssssssssssssssssssssssssssssssssssssssssssssssssssssssssssssssssssssssssssssssss....ssssssssssssssssssssssssssssssssssss
....ssssssssssssssssssssssssssssssssssssssssssssssssssssssssssssssssssssssssssssssssssssssssssssssssssssssssssssssssssssssssssssssssssssssssssss
.....ssssssssssssssssssssssssssssssssssssssssssssssssssssssssssssssssssssssssssssssssssssssssssssssssssssssssssssssssssssssssssssssss....sssssss
..........sssssssssssssssss...sssssssssss......sssssssssssss......sssssssssssssssssssssssssssssssssssssssssssssss.....sssssssssssss.........sss.
............sssssssssssss..........sss...............s...............ssss.......ssssssssssssssssssssssssssssss..............s...................
..................s..............................................................sssssssssssssssssss.....sss....................................
....................................................................................sssssssssssss...............................................
..........................................................................................s.....................................................
................................................................................................................................................
................................................................................................................................................
