................................................................................................................................................
................................................................................................................................................
................................................................................................................................................
................................................................................................................................................
................................................................................................................................................
................................................................................................................................................
................................................................................................................................................
................................................................................................................................................
................................................................................................................................................
................................................................................................................................................
................................................................................................................................................
................................................................................................................................................
................................................................................................................................................
................................................................................................................................................
................................................................................................................................................
................................................................................................................................................
................................................................................................................................................
..................................GGGGGGGGG.....................................................................................................
..............................GGGGDDDDDDDDDGG...................................................................................................
...........................GGGDDDDDDDDDDDDDDD...................................................................................................
GG......................GGGDDDDDDDDDDDDDDDDDD...................................................................................................
DDGGG................GGGDDDDDDDDDDDDDDDDDDDDD...................................................................................................
DDDDDGGG..........GGGDDDDDDDDDDDDDDDDDDDDDDDD...................................................................................................
DDDDDDDDGGGGGGGGGGDDDDDDDDDDDDDDDDDDDDDDDDDDDGGGGG..............................................................................................
DDDDDDDDDDDDDDDDDDDDDDDDDDDDDDDDDDDDDDDDDDDDDDDDDDAAAAA.........................................................................................
DDDDDDDDDDDDDDDDDDDDDDDDDDDDDDDDDDSSSSSSSSSDDDDDDDAAAAAAAAAA....................................................................................
DDDDDDDDDDDDDDDDDDDDDDDDDDDDDDSSSSSSSSSSSSSSSDDDDDAAAAAAAAAAAAAAA...............................................................................
DDDDDDDDDDDDDDDDDDDDDDDDDDDSSSSSSSSSSSSSSSSSSDDDDDAAAAAAAAAAAAAAA...............................................................................
SSDDDDDDDDDDDDDDDDDDDDDDSSSSSSSSSSSSSSSSSSSSSDDDDDAAAAAAAAAAAAAAA...............................................................................
SSSSSDDDDDDDDDDDDDDDDSSSSSSSSSSSSSSSSSSSSSSSSDDDDDAAAAAAAAAAAAAAAAAAA...........................................................................
SSSSSSSSDDDDDDDDDDSSSSSSSSSSSSSSSSSSSSSSSSSSSDDDD.BBBBBAAAAAAAAAAAAAAAAAA.......................................................................
SSSSSSSSSSSSSSSSSSSSSSSSSSSSSSSSSSSSSSSSSSSSS.........BBBBBBAAAAAAAAAAAAAAAAA...................................................................
SSSSSSSSSSSSSSSSSSSSSSSSSSSSSSSSSSSSSSSSSSS.............BBBBBBBBBAAAAAAAAAAAAAAAA...............................................................
SSSSSSSSSSSSSSSSSSSSSSSSSSSSSSSSSSSSSSSSSS...............BBBBBBBBAAAAAAAAAAAAAAAAAAAA...........................................................
SSSSSSSSSSSSSSSSSSSSSSSSSSSSSSSSSSSSSSSSS................BBBBBBBBAAAAAAAAAAAAAAAAAAAAAA.........................................................
SSSSSSSSSSSSSSSSSSSSSSSSSSSSSSSSSSSSSSSSS.................BBBBBBBBBBBAAAAAAAAAAAAAAAAAA.........................................................
SSSSSSSSSSSSSSSSSSSSSSSSSSSSSSSSSSSSSSSSSS...............BBBBBBBBBBBBBBBBAAAAAAAAAAAAAA.........................................................
SSSSSSSSSSSSSSSSSSSSSSSSSSSSSSSSSSSSSSSSSS.................BBBBBBBBBBBBBBBBBBAAAAAAAAAA.........................................................
SSSSSSSSSSSSSSSSSSSSSSSSSSSSSSSSSSSSSSSSSSS..................BBBBBBBBBBBBBBBBBBBBAAAAAA.........................................................
SSSSSSSSSSSSSSSSSSSSSSSSSSSSSSSSSSSSSSSSSSSSS..................BBBBBBBBBBBBBB.BBBBBBBAA.........................................................
SSSSSSSSSSSSSSSSSSSSSSSSSSSSSSSSSSSSSSSSSSSSSSSSS.SS.............BBBBBBB...........BBBB.........................................................
SSSSSSSSSSSSSSSSSSSSSSSSSSSSSSSSSSSSSSSSSSSSSSSSSSS.................BB...............BB.........................................................
SSSSSSSSSSSSSSSSSSSSSSSSSSSSSSSSSSSSSSSSSSSSSSSSSSS.....SS............................B.........................................................
SSSSSSSSSSSSSSSSSSSSSSSSSSSSSSSSSSSSSSSSSSSSSSSSSSS.....SSSS..........................B.........................................................
SSSSSSSSSSSSSSSSSSSSSSSSSSSSSSSSSSSSSSSSSSSSSSSSSS.....SSSSSSS..................................................................................
SSSSSSSSSSSSSSSSSSSSSSSSSSSSSSSSSSSSSSSSSSSSSSSSSS.....SSSSSSSSS......................B.........................................................
SSSSSSSSSSSSSSSSSSSSSSSSSSSSSSSSSSSSSSSSSSSSSSSSSS.....SSSSSSSSSSSSSS.........................................A....AAAAAAAAAAAAA................
SSSSSSSSSSSSSSSSSSSSSSSSSSSSSSSSSSSSSSSSSSSSSSSSS.....SSSSSSSSSSSSSSSS....................................AAAAAAAAAAAAAAAAAAAAAAAAAAA...........
SSSSSSSSSSSSSSSSSSSSSSSSSSSSSSSSSSSSSSSSSSSSSSSSS.......SSSSSSSSSSSSSSSS..............................AAAAAAAAAAAAAAAAAAAAAAAAAAAAAAAAA.........
SSSSSSSSSSSSSSSSSSSSSSSSSSSSSSSSSSSSSSSSSSSSSSSSS.........SSSSSSSSSSSSSSSSSSS.SSS.................AAAAAAAAAAAAAAAAAAAAA.AAAAAAAAAAAAAAAAA.......
SSSSSSSSSSSSSSSSSSSSSSSSSSSSSSSSSSSSSSSSSSSSSSSSSS.........SSSSSSSSSSSSSSSSS...SSSSS..........AAAAAAAAAAAAAAAAAAAA...........AAAAAAAAAAAAAAAA...
SSSSSSSSSSSSSSSSSSSSSSSSSSSSSSSSSSSSSSSSSSSSSSSSSSSS.........SSSSSSSSSS...........SSSS.......AAAAAAAAAAAAAAAAAAA...............AAAAAAAAAAAAAAAAA
SSSSSSSSSSSSSSSSSSSSSSSSSSSSSSSSSSSSSSSSSSSSSSSSSSSSS.........SSSS...................SS...........AAAAAAAAAAA...................AAAAAAAAAAAAAAAA
SSSSSSSSSSSSSSSSSSSSSSSSSSSSSSSSSSSSSSSSSSSSSSSSSSSSSSS.............................................AAA..........................BBBBAAAAAAAAAAA
SSSSSSSSSSSSSSSSSSSSSSSSSSSSSSSSSSSSSSSSSSSSSSSSSSSSSSSS.........................................................................BBBBBBAAAAAAAAA
SSSSSSSSSSSSSSSSSSSSSSSSSSSSSSSSSSSSSSSSSSSSSSSSSSSSSSSSSS................SSSSS...................................................BBBBBBBAAAAAAA
SSSSSSSSSSSSSSSSSSSSSSSSSSSSSSSSSSSSSSSSSSSSSSSSSSSSSSSSSSSS.........SSSSSSSSSSSSS..................................................BBBBBBBBBAAA
SSSSSSSSSSSSSSSSSSSSSSSSSSSSSSSSSSSSSSSSSSSSSSSSSSSSSSSSSSSSS...SSSSSSSSSSSSSSSSSSSS........................BB..........................BBBBBBBB
SSSSSSSSSSSSSSSSSSSSSSSSSSSSSSSSSSSSSSSSSSSSSSSSSSSSSSSSSSSSSSSSSSSSSSSSSSSSSSSSSSSS..................BBBBBBBBB..........................BBBBBBB
SSSSSSSSSSSSSSSSSSSSSSSSSSSSSSSSSSSSSSSSSSSSSSSSSSSSSSSSSSSSSSSSSSSSSSSSSSSSSSSSSSSSS...............BBBBBBBBBBBB.........................BBBBBBB
SSSSSSSSSSSSSSSSSSSSSSSSSSSSSSSSSSSSSSSSSSSSSSSSSSSSSSSSSSSSSSSSSSSSSSSSSSSSSSSSSSSSSSS...........BBBBBBBBBBBBBBBB...........BBB.........BBBBBBB
SSSSSSSSSSSSSSSSSSSSSSSSSSSSSSSSSSSSSSSSSSSSSSSSSSSSSSSSSSSSSSSSSSSSSSSSSSSSSSSSSSSSSSSBBBBB.BBBBBBBBBBBBBBBBBBBBBBBBBB.BBBBBBBBBBBBB...BBBBBBBB
SSSSSSSSSSSSSSSSSSSSSSSSSSSSSSSSSSSSSSSSSSSSSSSSSSSSSSSSSSSSSSSSSSSSSSSSSSSSSSSSSSSSSSSBBBBBBBBBBBBBBBBBBBBBBBSBBBBSSSSSSSSSSSSSBBBBBBBBBBBBBBBB
SSSSSSSSSSSSSSSSSSSSSSSSSSSSSSSSSSSSSSSSSSSSSSSSSSSSSSSSSSSSSSSSSSSSSSSSSSSSSSSSSSSSSSSBBBBBBBBBBBBBBBBBBBSSSSSSSSSSSSSSSSSSSSSSSSSSSBBBBBBBBBBB
SSSSSSSSSSSSSSSSSSSSSSSSSSSSSSSSSSSSSSSSSSSSSSSSSSSSSSSSSSSSSSSSSSSSSSSSSSSSSSSSSSSSSSSBBBBBBBBBBBBBBBSSSSSSSSSSSSSSSSSSSSSSSSSSSSSSSSSBBBBBBBBB
SSSSSSSSSSSSSSSSSSSSSSSSSSSSSSSSSSSSSSSSSSSSSSSSSSSSSSSSSSSSSSSSSSSSSSSSSSSSSSSSSSSSSSSBBBBBBBBBBBSSSSSSSSSSSSSSSSSSSSSSSSSSSSSSSSSSSSSSSBBBBBBB
SSSSSSSSSSSSSSSSSSSSSSSSSSSSSSSSSSSSSSSSSSSSSSSSSSSSSSSSSSSSSSSSSSSSSSSSSSSSSSSSSSSSSSSBBBBBBSSSSSSSSSSSSSSSSSSSSSSSSSSSSSSSSSSSSSSSSSSSSSSSSBBB
SSSSSSSSSSSSSSSSSSSSSSSSSSSSSSSSSSSSSSSSSSSSSSSSSSSSSSSSSSSSSSSSSSSSSSSSSSSSSSSSSSSSSSSSSSSSSSSSSSSSSSSSSSSSSSSSSSSSSSSSSSSSSSSSSSSSSSSSSSSSSSSS
SSSSSSSSSSSSSSSSSSSSSSSSSSSSSSSSSSSSSSSSSSSSSSSSSSSSSSSSSSSSSSSSSSSSSSSSSSSSSSSSSSSSSSSSSSSSSSSSSSSSSSSSSSSSSSSSSSSSSSSSSSSSSSSSSSSSSSSSSSSSSSSS
SSSSSSSSSSSSSSSSSSSSSSSSSSSSSSSSSSSSSSSSSSSSSSSSSSSSSSSSSSSSSSSSSSSSSSSSSSSSSSSSSSSSSSSSSSSSSSSSSSSSSSSSSSSSSSSSSSSSSSSSSSSSSSSSSSSSSSSSSSSSSSSS
SSSSSSSSSSSSSSSSSSSSSSSSSSSSSSSSSSSSSSSSSSSSSSSSSSSSSSSSSSSSSSSSSSSSSSSSSSSSSSSSSSSSSSSSSSSSSSSSSSSSSSSSSSSSSSSSSSSSSSSSSSSSSSSSSSSSSSSSSSSSSSSS
SSSSSSSSSSSSSSSSSSSSSSSSSSSSSSSSSSSSSSSSSSSSSSSSSSSSSSSSSSSSSSSSSSSSSSSSSSSSSSSSSSSSSSSSSSSSSSSSSSSSSSSSSSSSSSSSSSSSSSSSSSSSSSSSSSSSSSSSSSSSSSSS
