................................................................................................................................................
................................................................................................................................................
................................................................................................................................................
................................................................................................................................................
................................................................................................................................................
................................................................................................................................................
................................................................................................................................................
................................................................................................................................................
................................................................................................................................................
................................................................................................................................................
................................................................................................................................................
................................................................................................................................................
................................................................................................................................................
................................................................................................................................................
................................................................................................................................................
................................................................................................................................................
................................................................................................................................................
................................................................................................................................................
................................................................................................................................................
................................................................................................................................................
................................................................................................................................................
................................................................................................................................................
................................................................................................................................................
................................................................................................................................................
................................................................................................................................................
................................................................................................................................................
................................................................................................................................................
................................................................................................................................................
................................................................................................................................................
................................................................................................................................................
.................................................s..............................................................................................
.............................................sssssssss..........................................................................................
...........................................sssssssssssss........................................................................................
..........................................sssssssssssssss.......................................................................................
.........................................ssssssssssssssss.......................................................................................
.........................................sssssssssssssssss......................................................................................
..........................................sssssssssssssss.......................................................................................
..........................................sssssssssssssssss.....................................................................................
...........................................ssssssssssssssssss...................................................................................
.............................................ssssssssssssssssss..............s..................................................................
.................................................s..sssssssssssss.......sssssssssss.............................................................
...................................................sssssssssssssssss..sssssssssssssss...........................................................
...................................................sssss..ssssssssssssssssssssssssssss..........................................................
...................................................sssss....ssssssssssssssssssssssssss..........................................................
..................................................sssss.......sssssssssssssssssssssssss.........................................................
..................................................sssss.........ssssssssssssssssssssss..........................................................
..................................................sssss..............ssssssssssssssssss.........................................................
.................................................sssss................sssssssssssssssss.........................................................
.................................................sssssss................sssssssssssssss.........................................................
.................................................sssssssss...................s...ssssss................................s........................
..................................................sssssssss.................sss.....sss......s....................sssssssssss...................
....................................................sssssssss..........sssssssssss....sssssss...................sssssssssssssss.................
.....................................................sssssssss....sssssssssssssssssss..sssssssssss...........sssssssssssssssssss................
.......................................................sssssssssssssssssssssssssssssssssssssssssssss...ssssssssssssssssssssssssss...............
........................................................sssssssssssssssssssssssssssssssssssssssssssssssssssssssssssssssssssssssss...............
..........................................................ssssssssssssssss.....sssssssssssssssssssssssssssssssssssssssssssssssssss..............
............................................................sssssssss.............ssssssssssssssssssssssssssssssssssssssssssssssssss............
.............................................................sss....................ssssssssssssssssssssssss..ssssssssssssssssssssssssss........
....................................................................................ssssssssssssssssss.........ssssssssssssssssssssssssss.......
.....................................................................................sssssssssssssss............sssssssssssssssssssssssss.......
.......................................................................................sssssssssss................sssssssssss...sssssssss.......
............................................................................................s..........................s.............sss........
................................................................................................................................................
................................................................................................................................................
................................................................................................................................................
................................................................................................................................................
................................................................................................................................................
................................................................................................................................................
................................................................................................................................................
................................................................................................................................................
................................................................................................................................................
................................................................................................................................................
