................................................................................................................................
................................................................................................................................
................................................................................................................................
................................................................................................................................
..........................................................LLLLLLLLLLLLL.........................................................
..........................................................LLLLLLLLLLLLL.........................................................
.........................................GGGGGG...........LLLLLLLLLLLLL......................GGGGGG.............................
......................................GGGDDDDDDGGG........LLLLLLLLLLLLL...................GGGDDDDDDGGGG.........................
...................................GGGDDDDDDDDDDDDGGG.....LLLLLLLLLLLLL.................GGDDDDDDDDDDDDDGGG......................
GG.............................GGGGDDDDDDDDDDDDDDDDDDGG...LLLLLLLLLLLLL...............GGDDDDDDDDDDDDDDDDDDGGGGGGGGGGGGGGG.......
DDGG...........GGGGGGGGGGGGGGGGDDDDDDDDDDDDDDDDDDDDDDDDGGGLLLLLLLLLLLLLGGG.........GGGDDDDDDDDDDDDDDDDDDDDDDDDDDDDDDDDDDDGGGG...
DDDDGGGGGGGGGGGDDDDDDDDDDDDDDDDDDDDDDDDDDDDDDDDDDDDDDDDDDDLLL...LLLLLLLDDDGGGGGGGGGDDDDDDDDDDDDDDDDDDDDDDDDDDDDDDDDDDDDDDDDDDGGG
DDDDDDDDDDDDDDDDDDDDDDDDDDDDDDDDDDDDDDDDDDDDDDDDDDDDDDDDDDLL.....LLLLLLDDDDDDDDDDDDDDDDDDDDDDDDDDDDDDDDDDDDDDDDDDDDDDDDDDDDDDDDD
DDDDDDDDDDDDDDDDDDDDDDDDDDDDDDDDDDDDDDDDDDDDDDDDDDDDDDDDDDLL.....LLLLLLDDDDDDDDDDDDDDDDDDDDDDDDDDDDDDDDDDDDDDDDDDDDDDDDDDDDDDDDD
DDDDDDDDDDDDDDDDDDDDDDDDDDDDDDDDDDDDDDDDDDDDDDDDDDDDDDDDDDLL.....LLLLLLDDDDDDDDDDDDDDDDDDDDDDDDDDDDDDDDDDDDDDDDDDDDDDDDDDDDDDDDD
DDDDDDDDDDDDDDDDDDDDDDDDDDDDDDDDDDDDDDDDDDDDDDDDDDDDDDDDDDL......LLLLLLDDDDDDDDDDDDDDDDDDDDDDDDDDDDDDDDDDDDDDDDDDDDDDDDDDDDDDDDD
DDDDDDDDDDDDDDDDDDDDDDDDDDDDDDDDDDDDDDDDDDDDDDDDDDDDDDDDDDL......LLLLLLDDDDDDDDDDDDDDDDDDDDDDDDDDDDDDDDDDDDDDDDDDDDDDDDDDDDDDDDD
DDDDDDDDDDDDDDDDDDDDDDDDDDDDDDDDDDDDDDDDDDDDDDDDDDDDDDDDDDL.....LLLLLLLDDDDDDDDDDDDDDDDDDDDDDDDDDDDDDDDDDDDDDDDDDDDDDDDDDDDDDDDD
DDDDDDDDDDDDDDDDDDDDDDDDDDDDDDDDDDDDDDDDDDDDDDDDDDDDDDDDDDD.....LLLLLLDDDDDDDDDDDDDDDDDDDDDDDDDDDDDDDDDDDDDDDDDDDDDDDDDDDDDDDDDD
DDDDDDDDDDDDDDDDDDDDDDDDDDDDDDDDDDDDDDDDDDDDDDDDDDDDDDDDDD......LLLLLLDDDDDDDDDDDDDDDDDDDDDDDDDDDDDDDDDDDDDDDDDDDDDDDDDDDDDDDDDD
DDDDDDDDDDDDDDDDDDDDDDDDDDDDDDDDDDDDDDDDDDDDDDDDDDDDDDDDDD......LLLLLLDDDDDDDDDDDDDDDDDDDDDDDDDDDDDDDDDDDDDDDDDDDDDDDDDDDDDDDDDD
DDDDDDDDDDDDDDDDDDDDDDDDDDDDDDDDDDDDDDDDDDDDDDDDDDDDDDDDDD......LLLLLLDDDDDDDDDDDDDDDDDDDDDDDDDDDDDDDDDDDDDDDDDDDDDDDDDDDDDDDDDD
DDDDDDDDDDDDDDDDDDDDDDDDDDDDDDDDDDDDDDDDDDDDDD...DDDDDDDDD.....LLLLLLLDDDDDDDDDDDDDDDDDDDDDDDDDDDDDDDDDDDDDDDDDDDDDDDDDD...DDDDD
DDDDDDDDD....DDDDDDDDDDDDDDDD.DDDDDDDDDDD..........DDDDDDD.....LLLLLLLDDDDDDDDDDDDDDDDDDDDDDDDDDDDDDDDDDDDDDDDDDDDDD........DDDD
DDDDDDDD...........DDDDDD.........DDD................DDDD......LLLLLLLDDDDDDDD...DDDDDDDDDDDDD.DDDDDDDDDDDDDDDDDD...........DDDD
DDDDDDDD...............................................DD......LLLLLLLDDDD............DDD...........DDDDDDDDD...............DDDD
DDDDDDDD......................................................LLLLLLLLD...............................DDD..................DDDDD
DDDDDDDDD....................................DDD..............LLLLL....................................................DDDDDDDDD
DDDDDDDDDDDDDDD.........................DSSSSSSDDD.............L....................................................DDDDDDDDDDDD
DDDDDDDDDDDDDDDDDDDDD................DSSSSSSSSSSSSDD.........................DDDDDD.............................DDDDDDDDDDDDDDDD
DDDDDDDDDDDDDDDDDDDDDD...............SSSSSSSSSSSSSSSSD....................DDDDDDDDDDDD......................DDDDDDDDDDDDDDDDDDDD
SSDDDDDDDDDDDDDDDDDDDDD.............SSSSSSSSSSSSSSSSSSSD..............DDDDDDDDDDDDDDDD...................SSSSSSSSSSSSSSSSDDDDDDD
SSSSDDDDDDDDDDDSSSSSSSSSS.........SSSSSSSSSSSSSSSSSSSSSSSS.........LLLSSSSDDDDDDDDDSSSS................SSSSSSSSSSSSSSSSSSSSSSDDD
SSSSSSSSSSSSSSSSSSSSSSSSSS.....SSSSSSSSSSSSSSSSSSSSSSSSSLLL.....LLLLLLSSSSSSSSSSSSSSSSSSS..............SSSSSSSSSSSSSSSSSSSSSSSSS
SSSSSSSSSSSSSSSSSSSSSSSSSS.....SSSSSSSSSSSSSSSSSSSSSSSSLLLL.....LLLLLLSSSSSSSSSSSSSSSSSSSSSSSS.SSS......SSSSSSSSSSSSSSSSSSSSSSSS
SSSSSSSSSSSSSSSSSSSSSSSSSS.....SSSSSSSSSSSSSSSSSSSSSSLLLLLL......LLLLLSSSSSSSSSSSSSSSSSSSSSSSSSSSSS.....SSSSSSSSSSSSSSSSSSSSSSSS
SSSSSSSSSSSSSSSSSSSSSSSSSS.....SSSSSSSSSSSSSSSSSSSSLLLLLLLLL.....LLLLLLSSSSSSSSSSSSSSSSSSSSSSSSSSSS.....SSSSSSSSSSSSSSSSSSSSSSSS
SSSSSSSSSSSSSSSSSSSSSSSSSS.....SSSSSSSSSSSSSSSSSSLLLLLLLLLSS.....LLLLLLLLSSSSSSSSSSSSSSSSSSSSSSSSSS......SSSSSSSSSSSSSSSSSSSSSSS
SSSSSSSSSSSSSSSSSSSSSSSSS.....SSSSSSSSSSSSSSSSSSLLLLLLLLSSSS......LLLLLLLLLSSSSSSSSSSSSSSSSSSSSSSSSS.....SSSSSSSSSSSSSSSSSSSSSSS
SSSSSSSSSSSSSSSSSSSSSSSSS.....SSSSSSSSSSSSSSSSLLLLLLLLLSSSSS......LLLLLLLLLLLSSSSSSSSSSSSSSSSSSSSSSS.....SSSSSSSSSSSSSSSSSSSSSSS
SSSSSSSSSSSSSSSSSSSSS...........SSSSSSSSSS.SSLLLLLLLLSSSSSSSL.....LLLLLLLLLLLLSSSSSSSSSSSSSSSSSSSSS..........SSSSSSSSSSSSSSSSSSS
SSSSSSSSSSSSSSSS...................SSS.........LLLLSSSSSSSSSL......LLSSLLLLLLLLLSS.SSSSSSSSSSSSS.................SSSSSSSSSSSSSSS
SSSSSSSSSSS......................................LSSSSSSSS............SSSLLLL...........SSSSSS.......................SSSSSSSSSSS
SSSSSSS...........................................SSS.....................S...............S..............................SSSSSSS
SSSSSS.......................................................................................................................SSS
SSSSSS..............SSSSS.....SS....................................................................S.....SSSS................SS
SSSSSS.........SSSSSSSSSS......SS................................................................SSSS.....SSSSSSSS............SS
SSSSSSS....SSSSSSSSSSSSSSS.....SSS.......................SSSL......LLSS.......................SSSSSSSS.....SSSSSSSSSSS........SS
SSSSSSSSSSSSSSSSSSSSSSSSSS.....SSS..................SSSSSSSSL.....LLLSSSS...................SSSSSSSSSS.....SSSSSSSSSSSSSSS...SSS
SSSSSSSSSSSSSSSSSSSSSSSSSS.....SSSL...............SSSSSSSSSSL.....LLLSSSS...................SSSSSSSSSS.....SSSSSSSSSSSSSSSSSSSSS
SSSSSSSSSSSSSSSSSSSSSSSSSS.....SSLLL.............SSSSSSSSSSLL.....LLLSSSSS.................LSSSSSSSSSS.....SSSSSSSSSSSSSSSSSSSSS
SSSSSSSSSSSSSSSSSSSSSSSSSS.....LLLLLLL.........SSSSSSSSSSSLL......LLLSSSSSS...............LLLSSSSSSSSS.....SSSSSSSSSSSSSSSSSSSSS
SSSSSSSSSSSSSSSSSSSSSSSSSS.....LLLLLLLSSSS.SSSSSSSSSSSSSSLLL......LLLLSSSSSSS...........LLLLLLSSSSSSSS.....SSSSSSSSSSSSSSSSSSSSS
SSSSSSSSSSSSSSSSSSSSSSSSSS.....LLLLLSSSSSSSSSSSSSSSSSSSSLLLL.....LLLLLLSSSSSSSSSSS.SSSSSSLLLLLLLSSSSSS.....SSSSSSSSSSSSSSSSSSSSS
SSSSSSSSSSSSSSSSSSSSSSSSSS.....LLLSSSSSSSSSSSSSSSSSSSSSLLLLL.....LLLLLLLSSSSSSSSSSSSSSSSSSLLLLLLLLSSSS.....SSSSSSSSSSSSSSSSSSSSS
SSSSSSSSSSSSSSSSSSSSSSSSLL.....LLSSSSSSSSSSSSSSSSSSSSSLLLLL...........LLLSSSSSSSSSSSSSSSSSSLLLLLLLLLSS.....SSSSSSSSSSSSSSSSSSSSS
SSSSSSSSSSSSSSSSSSSSSSLLLL......SSSSSSSSSSSSSSSSSSSSSLLLL...............LSSSSSSSSSSSSSSSSSSSSLLLLLLLLL.....SSSSSSSSSSSSSSSSSSSSS
SSSSSSSSSSSSSSSSSSSSLLLLLLL.....SSSSSSSSSSSSSSSSSSSSLLL...................SSSSSSSSSSSSSSSSSSSSSLLLLLLLL.....SSSSSSSSSSSSSSSSSSSS
SSSSSSSSSSSSSSSSSSLLLLLLLLL.....SSSSSSSSSSSSSSSSSSSSLLL...................LSSSSSSSSSSSSSSSSSSSSSSLLLLLL.....SSSSSSSSSSSSSSSSSSSS
SSSSSSSSSSSSSSSSLLLLLLL...........SSSSSSSSSSSSSSSSSSLL.....................LSSSSSSSSSSSSSSSSSSSSSSSL...........SSSSSSSSSSSSSSSSS
SSSSSSSSSSSSSSSLLLLLL...............SSSSSSSSSSSSSSSLLL.....................LLSSSSSSSSSSSSSSSSSSSSS...............SSSSSSSSSSSSSSS
SSSSSSSSSSSSSLLLLLLL.................SSSSSSSSSSSSSSLL.......................LLSSSSSSSSSSSSSSSSSSS.................SSSSSSSSSSSSSS
SSSSSSSSSSSLLLLLL......................SSSSSSSSSSSSLLL.....................LLLSSSSSSSSSSSSSSSSSSS.................LSSSSSSSSSSSSS
SSSSSSSSSSSLL.............................SSSSSSSSLLLL......................LLLSSSSSSSSSSSSSSS.......................SSSSSSSSSSS
SSSSSSSSSS...................................SSSSSLL..........................LSSSSSSSSSSSS.............................SSSSSSSS
SSSSSSSSS......................................SS...............................SSSSSSSS...................................SSSSS
SSSSSSSSS..........................................................................SS.........................................SS
SSSSSSSSS........SSSSSS...........SSSSS..................SS...........SS..........................SS...........SS..............S
SSSSSSSSSS...SSSSSSSSSSSSSSS.SSSSSSSSSSSS..............SSSSS......LLSSSSSSS....................SSSSSSSSSS.SSSSSSSSSS...........S
SSSSSSSSSSSSSSSSSSSSSSSSSSSSSSSSSSSSSSSSSSSS........LLSSSSSS......SSSSSSSSSSL...............SSSSSSSSSSSSSSSSSSSSSSSSSSSS.......S
SSSSSSSSSSSSSSSSSSSSSSSSSSSSSSSSSSSSSSSSSSSSSSS...LLLLSSSSSS......SSSSSSSSSSLLLL........SSSSSSSSSSSSSSSSSSSSSSSSSSSSSSSSSSS...SS
SSSSSSSSSSSSSSSSSSSSSSSSSSSSSSSSSSSSSSSSSSSSSSSSLLLLLSSSSSSSS.....SSSSSSSSSSSLLLLL...SSSSSSSSSSSSSSSSSSSSSSSSSSSSSSSSSSSSSSSSSSS
SSSSSSSSSSSSSSSSSSSSSSSSSSSSSSSSSSSSSSSSSSSSSSSSLLLLLSSSSSSSS.....SSSSSSSSSSSLLLLLLSSSSSSSSSSSSSSSSSSSSSSSSSSSSSSSSSSSSSSSSSSSSS
SSSSSSSSSSSSSSSSSSSSSSSSSSSSSSSSSSSSSSSSSSSSSSSSLLLLLSSSSSSSS.....SSSSSSSSSSSSLLLLLSSSSSSSSSSSSSSSSSSSSSSSSSSSSSSSSSSSSSSSSSSSSS
SSSSSSSSSSSSSSSSSSSSSSSSSSSSSSSSSSSSSSSSSSSSSSSLLLLLSSSSSSSSS......SSSSSSSSSSSLLLLLSSSSSSSSSSSSSSSSSSSSSSSSSSSSSSSSSSSSSSSSSSSSS
SSSSSSSSSSSSSSSSSSSSSSSSSSSSSSSSSSSSSSSSSSSSSSSLLLLLSSSSSSSSS......SSSSSSSSSSSSLLLLLSSSSSSSSSSSSSSSSSSSSSSSSSSSSSSSSSSSSSSSSSSSS
SSSSSSSSSSSSSSSSSSSSSSSSSSSSSSSSSSSSSSSSSSSSSSSLLLLLSSSSSSSSS......SSSSSSSSSSSSLLLLLSSSSSSSSSSSSSSSSSSSSSSSSSSSSSSSSSSSSSSSSSSSS
SSSSSSSSSSSSSSSSSSSSSSSSSSSSSSSSSSSSSSSSSSSSSSSSSLSSSSSSSSSSSS.....SSSSSSSSSSSSLLLLLLSSSSSSSSSSSSSSSSSSSSSSSSSSSSSSSSSSSSSSSSSSS
SSSSSSSSSSSSSSSSSSSSSSSSSSSSSSSSSSSSSSSSSSSSSSSSSSSSSSSSSSSSSS.....SSSSSSSSSSSSSLLLLLSSSSSSSSSSSSSSSSSSSSSSSSSSSSSSSSSSSSSSSSSSS
SSSSSSSSSSSSSSSSSSSSSSSSSSSSSSSSSSSSSSSSSSSSSSSSSSSSSSSSSSSSSS.....SSSSSSSSSSSSSLLLLLSSSSSSSSSSSSSSSSSSSSSSSSSSSSSSSSSSSSSSSSSSS
