................................................................................................................................
................................................................................................................................
................................................................................................................................
................................................................................................................................
................................................................................................................................
................................................................................................................................
................................................................................................................................
................................................................................................................................
................................................................................................................................
................................................................................................................................
................................................................................................................................
................................................................................................................................
................................................................................................................................
................................................................................................................................
................................................................................................................................
................................................................................................................................
................................................................................................................................
................................................................................................................................
................................................................................................................................
................................................................................................................................
................................................................................................................................
.................................................CCCC.......................................................CCCCCC..............
..............................................CCCDDDDCC...................................................CCDDDDDDCC............
............................................CCDDDDDDDDDCC...............................................CCDDDDDDDDDDCC..........
..........................................CCDDDDDDDDDDDDDC.............................................CDDDDDDDDDDDDDDC.........
.........................................CDDDDDDDDDDDDDDDD...........................................CCDDDDDDDDDDDDDDDDC........
......................................CCCDDDDDDDDDDDDDDDDD..........................................CDDDDDDDDDDDDDDDDDDDCC......
C..................................CCCDDDDDDDDDDDDDDDDDDDD........................................CCDDDDDDDDDDDDDDDDDDDDDDC.....
DC....................CCCCCCCCCCCCCDDDDDDDDDDDDDDDDDDDDD........................................CCDDDDDDDDDDDDDDDDDDDDDDDDDCC...
DDCC...............CCCDDDDDDDDDDDDD.DDDDDDDDDDDDDDDDDD........................CCC...CCCCCCCCCCCCDDDDDDDDDDDDDDDDDDDDDDDDDDDDDCCC
DDDDC...........CCCDDDDDDDDDDDD.........DDDDDDDDDEEE..............C........CCCD.......DDDDDDDDDDDDDDDDDDDDDDEEEEEEDDDDDDDDDDDDDD
DDDDDCC.......CCDDDDDDDDDDDDDD...........DDDDDEEEE................DCCCCCCCCD............DDDDDDDDDDDDDDDDDDEEEEEEEEEEDDDDDDDDDDDD
DDDDDDDCCCCCCCDDDDDDDDDDDDDDD.............DDEEEE...................DDDDDDD................DDDDDDDDDDDDDDEEEEEEEEEEEEEEDDDDDDDDDD
DDDDDDDDDDDDDDDDDDDDDDDDDDDDD...........................EE.........DDDD.......................DDDDDDDDDEEEEEEEEEEEEEEEED...DDDDD
DDDDDDDDDDDDDDDDDDDDDDDDDDDD..........................EEEE.......................DDD..............DDDEEEEEEEEEEE............DDDD
DDDDDDDDDDDDDDDDDDDDDDDDDDD.........................EEEEEEE...................DDDDDDDD..............EEEE....................DDDD
EDDDDDDDDDDDDDDDDDDDDDDDD.........................EEEEEEEEE.................DDDDDDDDDD......................................DDDD
EEDDDDDDDDDDDDDDDDDDDDE..................EEE....EEEEEEEEEEEE.............DDDDDDDDDDDDD.....................................EEDDD
EEEE....DDDDDDDDDDDEE...................EEEEEEEEEEEEEEEEEEEE...........DDDDDDDEEEEEEE...............................EEEEEEEEEEEE
EEE..........................EEEEEE.EEEEEEEEEEEEEEEEEEEEEEEEE..........DDDDEEEEEEEEEEE......................EEEEEEEEEEEEEEEEEEEE
EEE........................EEEEEEEEEEEEEEEEEEEEEEEEEEEEEEEEEEE.........EEEEEEEEEEEEEEE...............EEEEEEEEEEEEEEEEEEEEEEEEEEE
EEE......................EEEEEEEEEEEEEEEEEEEEEEEEEEEEEEEEEEEEE..........EEEEEEEEEEEEEEE.............EEEEEEEEEEEEEEEEEEEEEEEEEEEE
EEEE...................EEEEEEEEEEEEEEEEEEEEEEEEEEEEEEEEEEEEEEEE.........EEEEEEEEEEEEEEEEE.........EEEEEEEEEEEEEEEEEEEEEEEEEEEEEE
EEEEEEEEEEEEEEEEEE....EEEEEEEEEEEEEEEEEEEEEEEEEEEEEEEEEEEEEEEE..........EEEEEEEEEEEEEEEEEEEEE.EEEEEEEEEEEEEEEEEEEEEEEEEEEEEEEEEE
EEEEEEEEEEEEEEEEEEEEEEEEEEEEEEEEEEEEEEEEEEEEEEEEEEEEEEEEEEE............EEEEEEEEEEEEEEEEEEEEEEEEEEEEEEEEEEEEEEEEEEEEEEEEEEEEEEEEE
EEEEEEEEEEEEEEEEEEEEEEEEEEEEEEEEEEEEEEEEEEEEEEEEEEEEEEEEEE.............EEEEEEEEEEEEEEEEEEEEEEEEEEEEEEEEEEEEEEEEEEEEEEEEEEEEEEEEE
EEEEEEEEEEEEEEEEEEEEEEEEEEEEEEEEEEEEEEEEEEEEEEEEEEEEEEEEE.............EEEEEEEEEEEEEEEEEEEEEEEEEEEEEEEEEEEEEEEEEEEEEEEEEEEEEEEEEE
EEEEEEEEEEEEEEEEEEEEEEEEEEEEEEEEEEEEEEEEEEEEEEEEEEEEEEEEE.............EEEEEEEEEEEEEEEEEEEEEEEEEEEEEEEEEEEEEEEEEEEEEEEEEEEEEEEEEE
EEEEEEEEEEEEEEEEEEEEEEEEEEEE.EEEEEEEEEEEEEEEEEEEEEEEEEEE...............EEEEEEEEEEEEEEEEEEEEEEEEEEEEEEEEEEEEEEEEEEEEEEEEEEEEEEEEE
EEEEEEEEEEEEEEEEEEEEEEEE.........EEEEEEEEEEEEEEEEEEEEEEEE.............EEEEEEEEEEEEEEEEEEEEEEEEEEEEEEEEEEEEEEEEEEEEEEEEEEEEEEEEEE
EEEEEEEEEEEEEEEEEEEEEEE...........EEEEEEEEEEEEEEEEEEEEEE..............EEEEEEEEEEEEEEEEEEEEEEEEEEEEEEEE.EEEEEEEEEEEEEEEEEEEEEEEEE
EEEEEEEEEEEEEEEEEEEEEE.............EEEEEEEEEEEEEEEEEE................EEEEEEEEEEEEEEEEEEEEEEEEEEEEE.........EEEEEEEEEEEEEEEEEEEEE
EEEEEEEEEEEEEEEEEEEEEE................EEEEEEEEEEE...................EEEEEEEEEEEEEEEEEEEEEEEEEEEE.............EEEEEEEEEEEEEEEEEEE
EEEEEEEEEEEEEEEEEEEEE.....................EEEE.......................EEEEEEEEEEEEEEEEEEEEEEEEEE...............EEEEEEEEEEEEEEEEEE
EEEEEEEEEEEEEEEEEEEE.....................................................EEEEEEEEEEEEEEEEEE...................EEEEEEEEEEEEEEEEEE
EEEEEEEEEEEEEEEEEE......................................E....................EEEEEEEEEEE........................EEEEEEEEEEEEEEEE
EEEEEEEEEEEEEEEE..................E.................EEEEE.......................EEEE...............................EEEEEEEEEEEEE
EEEEEEEEEEEEEE...................EEEEEE..........EEEEEEEE..............................................................EEEEEEEEE
EEEEEEEEEEEE..........EEEEEE.EEEEEEEEEEEEEE...EEEEEEEEEEE..........EEE........................EE..........................EEEEEE
EEEEEEEEEE..........EEEEEEEEEEEEEEEEEEEEEEEEEEEEEEEEEEEEEE.........EEEEEE..................EEEEEEE.........EE.................EE
EEEEEEEEE..........EEEEEEEEEEEEEEEEEEEEEEEEEEEEEEEEEEEEEEE.........EEEEEEEEEE..........EEEEEEEEEEEEEEE.EEEEEEEEE...............E
EEEEEEEEE........EEEEEEEEEEEEEEEEEEEEEEEEEEEEEEEEEEEEEEEEE.........EEEEEEEEEEEEEE...EEEEEEEEEEEEEEEEEEEEEEEEEEEEEEEE...........E
EEEEEEEEE......EEEEEEEEEEEEEEEEEEEEEEEEEEEEEEEEEEEEEEEEEEE.........EEEEEEEEEEEEEEEEEEEEEEEEEEEEEEEEEEEEEEEEEEEEEEEEEEEE........E
EEEEEEEEEE...EEEEEEEEEEEEEEEEEEEEEEEEEEEEEEEEEEEEEEEEEEEEE..........EEEEEEEEEEEEEEEEEEEEEEEEEEEEEEEEEEEEEEEEEEEEEEEEEEEEEEE...EE
EEEEEEEEEEEEEEEEEEEEEEEEEEEEEEEEEEEEEEEEEEEEEEEEEEEEEEEEEEE.........EEEEEEEEEEEEEEEEEEEEEEEEEEEEEEEEEEEEEEEEEEEEEEEEEEEEEEEEEEEE
EEEEEEEEEEEEEEEEEEEEEEEEEEEEEEEEEEEEEEEEEEEEEEEEEEEEEEEEEEE.........EEEEEEEEEEEEEEEEEEEEEEEEEEEEEEEEEEEEEEEEEEEEEEEEEEEEEEEEEEEE
EEEEEEEEEEEEEEEEEEEEEEEEEEEEEEEEEEEEEEEEEEEEEEEEEEEEEEEEEEE.........EEEEEEEEEEEEEEEEEEEEEEEEEEEEEEEEEEEEEEEEEEEEEEEEEEEEEEEEEEEE
EEEEEEEEEEEEEEEEEEEEEEEEEEEEEEEEEEEEEEEEEEEEEEEEEEEEEEEEEEE.........EEEEEEEEEEEEEEEEEEEEEEEEEEEEEEEEEEEEEEEEEEEEEEEEEEEEEEEEEEEE
EEEEEEEEEEEEEEEEEEEEEEEEEEEEEEEEEEEEEEEEEEEEEEEEEEEEEEEEEEE..........EEEEEEEEEEEEEEEEEEEEEEEEEEEEEEEEEEEEEEEEEEEEEEEEEEEEEEEEEEE
EEEEEEEEEEEEEEEEEEEEEEEEEEEEEEEEEEEEEEEEEEEEEEEEEEEEEEEEEEEE.........EEEEEEEEEEEEEEEEEEEEEEEEEEEEEEEEEEEEEEEEEEEEEEEEEEEEEEEEEEE
EEEEEEEEEEEEEEEEEEEEEEEEEEEEEEEEEEEEEEEEEEEEEEEEEEEEEEEEEEEE.........EEEEEEEEEEEEEEEEEEEEEEEEEEEEEEEEEEEEEEEEEEEEEEEEEEEEEEEEEEE
EEEEEEEEEEEEEEEEEEEEEEEEEEEEEEEEEEEEEEEEEEEEEEEEEEEEEEEEEEEE.........EEEEEEEEEEEEEEEEEEEEEEEEEEEEEEEEEEEEEEEEEEEEEEEEEEEEEEEEEEE
